******************************************************************************
                  TI ARM Linker Unix v20.2.7                   
******************************************************************************
>> Linked Thu May  1 15:00:12 2025

OUTPUT FILE NAME:   <Embedded2_4_SelfBalancing_Robot.out>
ENTRY POINT SYMBOL: "_c_int00_noargs"  address: 00003e69


MEMORY CONFIGURATION

         name            origin    length      used     unused   attr    fill
----------------------  --------  ---------  --------  --------  ----  --------
  FLASH                 00000000   00040000  00004214  0003bdec  R  X
  SRAM                  20000000   00008000  00001128  00006ed8  RW X


SEGMENT ALLOCATION MAP

run origin  load origin   length   init length attrs members
----------  ----------- ---------- ----------- ----- -------
00000000    00000000    00004218   00004218    r-x
  00000000    00000000    0000026c   0000026c    r-- .intvecs
  0000026c    0000026c    00003dac   00003dac    r-x .text
  00004018    00004018    000001ac   000001ac    r-- .const
  000041c8    000041c8    00000050   00000050    r-- .cinit
20000000    20000000    00001128   00000000    rw-
  20000000    20000000    00001000   00000000    rw- .stack
  20001000    20001000    000000f4   00000000    rw- .bss
  200010f4    200010f4    00000034   00000000    rw- .data


SECTION ALLOCATION MAP

 output                                  attributes/
section   page    origin      length       input sections
--------  ----  ----------  ----------   ----------------
.intvecs   0    00000000    0000026c     
                  00000000    0000026c     tm4c123gh6pm_startup_ccs.obj (.intvecs)

.text      0    0000026c    00003dac     
                  0000026c    00000a4e     rtsv7M4_T_le_v4SPD16_eabi.lib : _printfi.c.obj (.text:__TI_printfi)
                  00000cba    00000002                                   : div0.asm.obj (.text)
                  00000cbc    000009fc     SelfBalancingRobot.obj (.text)
                  000016b8    00000808     gpio.obj (.text)
                  00001ec0    000003c4     i2c0.obj (.text)
                  00002284    00000388     uart0.obj (.text)
                  0000260c    000002ec     rtsv7M4_T_le_v4SPD16_eabi.lib : s_atan.c.obj (.text:atan)
                  000028f8    00000270                                   : _printfi.c.obj (.text:_pconv_a)
                  00002b68    000001e4                                   : e_atan2.c.obj (.text:atan2)
                  00002d4c    000001d0                                   : _printfi.c.obj (.text:_pconv_g)
                  00002f1c    000001b6                                   : fd_add_t2.asm.obj (.text)
                  000030d2    00000002     --HOLE-- [fill = 0]
                  000030d4    0000013c                                   : _printfi.c.obj (.text:_pconv_e)
                  00003210    00000136                                   : fd_div_t2.asm.obj (.text)
                  00003346    00000002     --HOLE-- [fill = 0]
                  00003348    00000124                                   : _printfi.c.obj (.text:fcvt)
                  0000346c    00000110                                   : s_scalbn.c.obj (.text:scalbn)
                  0000357c    000000fc                                   : fd_mul_t2.asm.obj (.text)
                  00003678    000000b1                                   : _printfi.c.obj (.text:_ltostr)
                  00003729    00000001     --HOLE-- [fill = 0]
                  0000372a    0000009c                                   : memcpy_t2.asm.obj (.text)
                  000037c6    00000096                                   : ull_div_t2.asm.obj (.text)
                  0000385c    00000086                                   : fd_cmp_t2.asm.obj (.text:__aeabi_cdcmple)
                  000038e2    00000086                                   : fd_cmp_t2.asm.obj (.text:__aeabi_cdrcmple)
                  00003968    0000007a                                   : memset_t2.asm.obj (.text)
                  000039e2    0000006e                                   : _printfi.c.obj (.text:_mcpy)
                  00003a50    0000006e                                   : fd_tos_t2.asm.obj (.text)
                  00003abe    00000068                                   : copy_decompress_lzss.c.obj (.text:decompress:lzss:__TI_decompress_lzss)
                  00003b26    00000002     --HOLE-- [fill = 0]
                  00003b28    00000064                                   : s_frexp.c.obj (.text:frexp)
                  00003b8c    00000056                                   : _printfi.c.obj (.text:_pconv_f)
                  00003be2    00000054                                   : _ltoa.c.obj (.text:__TI_ltoa)
                  00003c36    00000052                                   : _printfi.c.obj (.text:_ecpy)
                  00003c88    0000004c                                   : atoi.c.obj (.text:atoi)
                  00003cd4    0000004c                                   : snprintf.c.obj (.text:snprintf)
                  00003d20    00000048                                   : fd_toi_t2.asm.obj (.text)
                  00003d68    00000044                                   : autoinit.c.obj (.text:__TI_auto_init_nobinit_nopinit:__TI_auto_init_nobinit_nopinit)
                  00003dac    00000044                                   : fd_tou_t2.asm.obj (.text)
                  00003df0    0000003e                                   : _printfi.c.obj (.text:_fcpy)
                  00003e2e    00000038                                   : fs_tod_t2.asm.obj (.text)
                  00003e66    00000002     --HOLE-- [fill = 0]
                  00003e68    00000034                                   : boot_cortex_m.c.obj (.text:_c_int00_noargs:_c_int00_noargs)
                  00003e9c    00000030                                   : snprintf.c.obj (.text:_outs)
                  00003ecc    0000002e                                   : i_tofd_t2.asm.obj (.text)
                  00003efa    00000024     wait.obj (.text)
                  00003f1e    0000001c     rtsv7M4_T_le_v4SPD16_eabi.lib : copy_zero_init.c.obj (.text:decompress:ZI:__TI_zero_init_nomemset:__TI_zero_init_nomemset)
                  00003f3a    0000001c                                   : memccpy.c.obj (.text:memccpy)
                  00003f56    0000001a                                   : s_copysign.c.obj (.text:copysign)
                  00003f70    00000018                                   : snprintf.c.obj (.text:_outc)
                  00003f88    00000018                                   : strcmp.c.obj (.text:strcmp)
                  00003fa0    00000016                                   : strchr.c.obj (.text:strchr)
                  00003fb6    00000014                                   : strlen.c.obj (.text:strlen)
                  00003fca    00000012                                   : wcslen.c.obj (.text:wcslen)
                  00003fdc    00000010     clock.obj (.text)
                  00003fec    0000000e     rtsv7M4_T_le_v4SPD16_eabi.lib : copy_decompress_none.c.obj (.text:decompress:none:__TI_decompress_none)
                  00003ffa    0000000c     tm4c123gh6pm_startup_ccs.obj (.text)
                  00004006    00000002     --HOLE-- [fill = 0]
                  00004008    00000008     rtsv7M4_T_le_v4SPD16_eabi.lib : errno.c.obj (.text:__aeabi_errno_addr)
                  00004010    00000004                                   : pre_init.c.obj (.text:_system_pre_init)
                  00004014    00000004                                   : exit.c.obj (.text:abort:abort)

.const     0    00004018    000001ac     
                  00004018    00000101     rtsv7M4_T_le_v4SPD16_eabi.lib : ctype.c.obj (.const:.string:_ctypes_)
                  00004119    00000007     --HOLE-- [fill = 0]
                  00004120    00000098                                   : s_atan.c.obj (.const:$O1$$)
                  000041b8    0000000c     SelfBalancingRobot.obj (.const)

.cinit     0    000041c8    00000050     
                  000041c8    00000026     (.cinit..data.load) [load image, compression = lzss]
                  000041ee    00000002     --HOLE-- [fill = 0]
                  000041f0    0000000c     (__TI_handler_table)
                  000041fc    00000004     --HOLE-- [fill = 0]
                  00004200    00000008     (.cinit..bss.load) [load image, compression = zero_init]
                  00004208    00000010     (__TI_cinit_table)

.init_array 
*          0    00000000    00000000     UNINITIALIZED

.bss       0    20001000    000000f4     UNINITIALIZED
                  20001000    00000098     (.common:buffer)
                  20001098    0000005c     (.common:data)

.data      0    200010f4    00000034     UNINITIALIZED
                  200010f4    00000030     SelfBalancingRobot.obj (.data)
                  20001124    00000004     rtsv7M4_T_le_v4SPD16_eabi.lib : errno.c.obj (.data)

.stack     0    20000000    00001000     UNINITIALIZED
                  20000000    00000004     rtsv7M4_T_le_v4SPD16_eabi.lib : boot_cortex_m.c.obj (.stack)
                  20000004    00000ffc     --HOLE--

__llvm_prf_cnts 
*          0    20000000    00000000     UNINITIALIZED

MODULE SUMMARY

       Module                         code    ro data   rw data
       ------                         ----    -------   -------
    ./
       SelfBalancingRobot.obj         2556    12        292    
       gpio.obj                       2056    0         0      
       i2c0.obj                       964     0         0      
       uart0.obj                      904     0         0      
       tm4c123gh6pm_startup_ccs.obj   12      620       0      
       wait.obj                       36      0         0      
       clock.obj                      16      0         0      
    +--+------------------------------+-------+---------+---------+
       Total:                         6544    632       292    
                                                               
    /Applications/ti/ccs1280/ccs/tools/compiler/ti-cgt-arm_20.2.7.LTS/lib/rtsv7M4_T_le_v4SPD16_eabi.lib
       _printfi.c.obj                 4851    0         0      
       s_atan.c.obj                   748     152       0      
       e_atan2.c.obj                  484     0         0      
       fd_add_t2.asm.obj              438     0         0      
       fd_div_t2.asm.obj              310     0         0      
       s_scalbn.c.obj                 272     0         0      
       fd_cmp_t2.asm.obj              268     0         0      
       ctype.c.obj                    0       257       0      
       fd_mul_t2.asm.obj              252     0         0      
       memcpy_t2.asm.obj              156     0         0      
       ull_div_t2.asm.obj             150     0         0      
       snprintf.c.obj                 148     0         0      
       memset_t2.asm.obj              122     0         0      
       fd_tos_t2.asm.obj              110     0         0      
       copy_decompress_lzss.c.obj     104     0         0      
       s_frexp.c.obj                  100     0         0      
       _ltoa.c.obj                    84      0         0      
       atoi.c.obj                     76      0         0      
       fd_toi_t2.asm.obj              72      0         0      
       autoinit.c.obj                 68      0         0      
       fd_tou_t2.asm.obj              68      0         0      
       fs_tod_t2.asm.obj              56      0         0      
       boot_cortex_m.c.obj            52      0         0      
       i_tofd_t2.asm.obj              46      0         0      
       copy_zero_init.c.obj           28      0         0      
       memccpy.c.obj                  28      0         0      
       s_copysign.c.obj               26      0         0      
       strcmp.c.obj                   24      0         0      
       strchr.c.obj                   22      0         0      
       strlen.c.obj                   20      0         0      
       wcslen.c.obj                   18      0         0      
       copy_decompress_none.c.obj     14      0         0      
       errno.c.obj                    8       0         4      
       exit.c.obj                     4       0         0      
       pre_init.c.obj                 4       0         0      
       div0.asm.obj                   2       0         0      
    +--+------------------------------+-------+---------+---------+
       Total:                         9233    409       4      
                                                               
       Stack:                         0       0         4096   
       Linker Generated:              0       74        0      
    +--+------------------------------+-------+---------+---------+
       Grand Total:                   15777   1115      4392   


LINKER GENERATED COPY TABLES

__TI_cinit_table @ 00004208 records: 2, size/record: 8, table size: 16
	.data: load addr=000041c8, load size=00000026 bytes, run addr=200010f4, run size=00000034 bytes, compression=lzss
	.bss: load addr=00004200, load size=00000008 bytes, run addr=20001000, run size=000000f4 bytes, compression=zero_init


LINKER GENERATED HANDLER TABLE

__TI_handler_table @ 000041f0 records: 3, size/record: 4, table size: 12
	index: 0, handler: __TI_decompress_lzss
	index: 1, handler: __TI_decompress_none
	index: 2, handler: __TI_zero_init


GLOBAL SYMBOLS: SORTED ALPHABETICALLY BY Name 

address   name                          
-------   ----                          
000041c0  ACCEL_SENS                    
00004015  C$$EXIT                       
00000fb1  GPIOF_Handler                 
000041bc  GYRO_SENS                     
2000111c  KD                            
20001118  KI                            
20001114  KP                            
00003ffb  ResetISR                      
20001000  __STACK_END                   
00001000  __STACK_SIZE                  
20000200  __STACK_TOP                   
00004208  __TI_CINIT_Base               
00004218  __TI_CINIT_Limit              
000041f0  __TI_Handler_Table_Base       
000041fc  __TI_Handler_Table_Limit      
00003d69  __TI_auto_init_nobinit_nopinit
00003abf  __TI_decompress_lzss          
00003fed  __TI_decompress_none          
00003be3  __TI_ltoa                     
ffffffff  __TI_pprof_out_hndl           
0000026d  __TI_printfi                  
ffffffff  __TI_prof_data_size           
ffffffff  __TI_prof_data_start          
00000000  __TI_static_base__            
00003f1f  __TI_zero_init_nomemset       
0000385d  __aeabi_cdcmpeq               
0000385d  __aeabi_cdcmple               
000038e3  __aeabi_cdrcmple              
00003a51  __aeabi_d2f                   
00003d21  __aeabi_d2iz                  
00003dad  __aeabi_d2uiz                 
00002f27  __aeabi_dadd                  
00003211  __aeabi_ddiv                  
0000357d  __aeabi_dmul                  
00002f1d  __aeabi_dsub                  
00004009  __aeabi_errno_addr            
00003e2f  __aeabi_f2d                   
00003ecd  __aeabi_i2d                   
00000cbb  __aeabi_idiv0                 
00000cbb  __aeabi_ldiv0                 
00003969  __aeabi_memclr                
00003969  __aeabi_memclr4               
00003969  __aeabi_memclr8               
0000372b  __aeabi_memcpy                
0000372b  __aeabi_memcpy4               
0000372b  __aeabi_memcpy8               
0000396b  __aeabi_memset                
0000396b  __aeabi_memset4               
0000396b  __aeabi_memset8               
000037c7  __aeabi_uldivmod              
ffffffff  __binit__                     
ffffffff  __c_args__                    
UNDEFED   __mpu_init                    
20000000  __stack                       
20000000  __start___llvm_prf_cnts       
20000000  __stop___llvm_prf_cnts        
00003e69  _c_int00_noargs               
00004018  _ctypes_                      
UNDEFED   _system_post_cinit            
00004011  _system_pre_init              
00004015  abort                         
200010fc  accel_pitch                   
20001104  alpha                         
0000260d  atan                          
00002b69  atan2                         
00002b69  atan2l                        
0000260d  atanl                         
00003c89  atoi                          
ffffffff  binit                         
20001000  buffer                        
00000ebd  calibrateSensor               
00001d0d  clearPinInterrupt             
0000114d  compFilter                    
00003f57  copysign                      
00003f57  copysignl                     
20001098  data                          
00001ce9  disablePinInterrupt           
00001a21  disablePinPulldown            
000019d9  disablePinPullup              
00001775  disablePort                   
20001108  dt                            
00001cc5  enablePinInterrupt            
000019fd  enablePinPulldown             
000019ab  enablePinPullup               
000016b9  enablePort                    
20001124  errno                         
00003b29  frexp                         
00003b29  frexpl                        
00000000  g_pfnVectors                  
00002567  getFieldInteger               
00002537  getFieldString                
0000120d  getMicroseconds               
00001d7b  getPinValue                   
00001e31  getPortValue                  
0000237b  getcUart0                     
000023a9  getsUart0                     
00000cbd  initGPIO                      
00001ec1  initI2c0                      
00000e55  initICM20948                  
00000d39  initPWM                       
000011f1  initSysTick                   
00003fdd  initSystemClockTo40Mhz        
00002285  initUart0                     
000025d1  isCommand                     
00002259  isI2c0Error                   
0000238f  kbhitUart0                    
0000346d  ldexp                         
0000346d  ldexpl                        
00001345  main                          
0000109d  manualSetSpeed                
00003f3b  memccpy                       
0000372b  memcpy                        
00003971  memset                        
200010f4  offset_ax                     
200010f6  offset_az                     
200010f8  offset_gy                     
00002427  parseFields                   
20001100  pitch                         
0000220b  pollI2c0Address               
20001120  printCounter                  
000041b8  printInterval                 
00002333  putcUart0                     
0000234f  putsUart0                     
00001f51  readI2c0Data                  
00002095  readI2c0Register              
000020f3  readI2c0Registers             
00000e05  readICM                       
00000e31  readSensor                    
00000ff5  readWhoami                    
0000346d  scalbn                        
0000346d  scalbnl                       
000018df  selectPinAnalogInput          
00001891  selectPinDigitalInput         
00001bfb  selectPinInterruptBothEdges   
00001bab  selectPinInterruptFallingEdge 
00001c51  selectPinInterruptHighLevel   
00001c8b  selectPinInterruptLowLevel    
00001b5b  selectPinInterruptRisingEdge  
00001843  selectPinOpenDrainOutput      
000017f5  selectPinPushPullOutput       
00000dbd  selectUserBank                
00001059  setMotorDirection             
00001035  setMotorSpeed                 
00001a49  setPinAuxFunction             
0000192f  setPinCommitControl           
00001d31  setPinValue                   
00001db9  setPortValue                  
000022ef  setUart0BaudRate              
00003cd5  snprintf                      
00003fa1  strchr                        
00003f89  strcmp                        
00003fb7  strlen                        
00001d57  togglePinValue                
00003efb  waitMicrosecond               
00003fcb  wcslen                        
00001f1b  writeI2c0Data                 
00001f85  writeI2c0Register             
00001fdb  writeI2c0Registers            
00000dd9  writeICM                      


GLOBAL SYMBOLS: SORTED BY Symbol Address 

address   name                          
-------   ----                          
00000000  __TI_static_base__            
00000000  g_pfnVectors                  
0000026d  __TI_printfi                  
00000cbb  __aeabi_idiv0                 
00000cbb  __aeabi_ldiv0                 
00000cbd  initGPIO                      
00000d39  initPWM                       
00000dbd  selectUserBank                
00000dd9  writeICM                      
00000e05  readICM                       
00000e31  readSensor                    
00000e55  initICM20948                  
00000ebd  calibrateSensor               
00000fb1  GPIOF_Handler                 
00000ff5  readWhoami                    
00001000  __STACK_SIZE                  
00001035  setMotorSpeed                 
00001059  setMotorDirection             
0000109d  manualSetSpeed                
0000114d  compFilter                    
000011f1  initSysTick                   
0000120d  getMicroseconds               
00001345  main                          
000016b9  enablePort                    
00001775  disablePort                   
000017f5  selectPinPushPullOutput       
00001843  selectPinOpenDrainOutput      
00001891  selectPinDigitalInput         
000018df  selectPinAnalogInput          
0000192f  setPinCommitControl           
000019ab  enablePinPullup               
000019d9  disablePinPullup              
000019fd  enablePinPulldown             
00001a21  disablePinPulldown            
00001a49  setPinAuxFunction             
00001b5b  selectPinInterruptRisingEdge  
00001bab  selectPinInterruptFallingEdge 
00001bfb  selectPinInterruptBothEdges   
00001c51  selectPinInterruptHighLevel   
00001c8b  selectPinInterruptLowLevel    
00001cc5  enablePinInterrupt            
00001ce9  disablePinInterrupt           
00001d0d  clearPinInterrupt             
00001d31  setPinValue                   
00001d57  togglePinValue                
00001d7b  getPinValue                   
00001db9  setPortValue                  
00001e31  getPortValue                  
00001ec1  initI2c0                      
00001f1b  writeI2c0Data                 
00001f51  readI2c0Data                  
00001f85  writeI2c0Register             
00001fdb  writeI2c0Registers            
00002095  readI2c0Register              
000020f3  readI2c0Registers             
0000220b  pollI2c0Address               
00002259  isI2c0Error                   
00002285  initUart0                     
000022ef  setUart0BaudRate              
00002333  putcUart0                     
0000234f  putsUart0                     
0000237b  getcUart0                     
0000238f  kbhitUart0                    
000023a9  getsUart0                     
00002427  parseFields                   
00002537  getFieldString                
00002567  getFieldInteger               
000025d1  isCommand                     
0000260d  atan                          
0000260d  atanl                         
00002b69  atan2                         
00002b69  atan2l                        
00002f1d  __aeabi_dsub                  
00002f27  __aeabi_dadd                  
00003211  __aeabi_ddiv                  
0000346d  ldexp                         
0000346d  ldexpl                        
0000346d  scalbn                        
0000346d  scalbnl                       
0000357d  __aeabi_dmul                  
0000372b  __aeabi_memcpy                
0000372b  __aeabi_memcpy4               
0000372b  __aeabi_memcpy8               
0000372b  memcpy                        
000037c7  __aeabi_uldivmod              
0000385d  __aeabi_cdcmpeq               
0000385d  __aeabi_cdcmple               
000038e3  __aeabi_cdrcmple              
00003969  __aeabi_memclr                
00003969  __aeabi_memclr4               
00003969  __aeabi_memclr8               
0000396b  __aeabi_memset                
0000396b  __aeabi_memset4               
0000396b  __aeabi_memset8               
00003971  memset                        
00003a51  __aeabi_d2f                   
00003abf  __TI_decompress_lzss          
00003b29  frexp                         
00003b29  frexpl                        
00003be3  __TI_ltoa                     
00003c89  atoi                          
00003cd5  snprintf                      
00003d21  __aeabi_d2iz                  
00003d69  __TI_auto_init_nobinit_nopinit
00003dad  __aeabi_d2uiz                 
00003e2f  __aeabi_f2d                   
00003e69  _c_int00_noargs               
00003ecd  __aeabi_i2d                   
00003efb  waitMicrosecond               
00003f1f  __TI_zero_init_nomemset       
00003f3b  memccpy                       
00003f57  copysign                      
00003f57  copysignl                     
00003f89  strcmp                        
00003fa1  strchr                        
00003fb7  strlen                        
00003fcb  wcslen                        
00003fdd  initSystemClockTo40Mhz        
00003fed  __TI_decompress_none          
00003ffb  ResetISR                      
00004009  __aeabi_errno_addr            
00004011  _system_pre_init              
00004015  C$$EXIT                       
00004015  abort                         
00004018  _ctypes_                      
000041b8  printInterval                 
000041bc  GYRO_SENS                     
000041c0  ACCEL_SENS                    
000041f0  __TI_Handler_Table_Base       
000041fc  __TI_Handler_Table_Limit      
00004208  __TI_CINIT_Base               
00004218  __TI_CINIT_Limit              
20000000  __stack                       
20000000  __start___llvm_prf_cnts       
20000000  __stop___llvm_prf_cnts        
20000200  __STACK_TOP                   
20001000  __STACK_END                   
20001000  buffer                        
20001098  data                          
200010f4  offset_ax                     
200010f6  offset_az                     
200010f8  offset_gy                     
200010fc  accel_pitch                   
20001100  pitch                         
20001104  alpha                         
20001108  dt                            
20001114  KP                            
20001118  KI                            
2000111c  KD                            
20001120  printCounter                  
20001124  errno                         
ffffffff  __TI_pprof_out_hndl           
ffffffff  __TI_prof_data_size           
ffffffff  __TI_prof_data_start          
ffffffff  __binit__                     
ffffffff  __c_args__                    
ffffffff  binit                         
UNDEFED   __mpu_init                    
UNDEFED   _system_post_cinit            

[159 symbols]
