<?xml version="1.0" encoding="ISO-8859-1" ?>
<link_info>
   <banner>TI ARM Linker Unix v20.2.7.LTS</banner>
   <copyright>Copyright (c) 1996-2018 Texas Instruments Incorporated</copyright>
   <link_time>0x6813d2cc</link_time>
   <link_errors>0x0</link_errors>
   <output_file>Embedded2_4_SelfBalancing_Robot.out</output_file>
   <entry_point>
      <name>_c_int00_noargs</name>
      <address>0x3e69</address>
   </entry_point>
   <input_file_list>
      <input_file id="fl-1">
         <path>./</path>
         <kind>object</kind>
         <file>SelfBalancingRobot.obj</file>
         <name>SelfBalancingRobot.obj</name>
      </input_file>
      <input_file id="fl-2">
         <path>./</path>
         <kind>object</kind>
         <file>clock.obj</file>
         <name>clock.obj</name>
      </input_file>
      <input_file id="fl-3">
         <path>./</path>
         <kind>object</kind>
         <file>gpio.obj</file>
         <name>gpio.obj</name>
      </input_file>
      <input_file id="fl-4">
         <path>./</path>
         <kind>object</kind>
         <file>i2c0.obj</file>
         <name>i2c0.obj</name>
      </input_file>
      <input_file id="fl-5">
         <path>./</path>
         <kind>object</kind>
         <file>rgb_led.obj</file>
         <name>rgb_led.obj</name>
      </input_file>
      <input_file id="fl-6">
         <path>./</path>
         <kind>object</kind>
         <file>spi1.obj</file>
         <name>spi1.obj</name>
      </input_file>
      <input_file id="fl-7">
         <path>./</path>
         <kind>object</kind>
         <file>tm4c123gh6pm_startup_ccs.obj</file>
         <name>tm4c123gh6pm_startup_ccs.obj</name>
      </input_file>
      <input_file id="fl-8">
         <path>./</path>
         <kind>object</kind>
         <file>uart0.obj</file>
         <name>uart0.obj</name>
      </input_file>
      <input_file id="fl-9">
         <path>./</path>
         <kind>object</kind>
         <file>wait.obj</file>
         <name>wait.obj</name>
      </input_file>
      <input_file id="fl-d">
         <kind>object</kind>
         <file>&lt;internal&gt;</file>
         <name>&lt;internal&gt;</name>
      </input_file>
      <input_file id="fl-c3">
         <path>/Applications/ti/ccs1280/ccs/tools/compiler/ti-cgt-arm_20.2.7.LTS/lib/</path>
         <kind>archive</kind>
         <file>rtsv7M4_T_le_v4SPD16_eabi.lib</file>
         <name>e_atan2.c.obj</name>
      </input_file>
      <input_file id="fl-c4">
         <path>/Applications/ti/ccs1280/ccs/tools/compiler/ti-cgt-arm_20.2.7.LTS/lib/</path>
         <kind>archive</kind>
         <file>rtsv7M4_T_le_v4SPD16_eabi.lib</file>
         <name>s_atan.c.obj</name>
      </input_file>
      <input_file id="fl-c5">
         <path>/Applications/ti/ccs1280/ccs/tools/compiler/ti-cgt-arm_20.2.7.LTS/lib/</path>
         <kind>archive</kind>
         <file>rtsv7M4_T_le_v4SPD16_eabi.lib</file>
         <name>snprintf.c.obj</name>
      </input_file>
      <input_file id="fl-c6">
         <path>/Applications/ti/ccs1280/ccs/tools/compiler/ti-cgt-arm_20.2.7.LTS/lib/</path>
         <kind>archive</kind>
         <file>rtsv7M4_T_le_v4SPD16_eabi.lib</file>
         <name>fd_add_t2.asm.obj</name>
      </input_file>
      <input_file id="fl-c7">
         <path>/Applications/ti/ccs1280/ccs/tools/compiler/ti-cgt-arm_20.2.7.LTS/lib/</path>
         <kind>archive</kind>
         <file>rtsv7M4_T_le_v4SPD16_eabi.lib</file>
         <name>fd_cmp_t2.asm.obj</name>
      </input_file>
      <input_file id="fl-c8">
         <path>/Applications/ti/ccs1280/ccs/tools/compiler/ti-cgt-arm_20.2.7.LTS/lib/</path>
         <kind>archive</kind>
         <file>rtsv7M4_T_le_v4SPD16_eabi.lib</file>
         <name>fd_div_t2.asm.obj</name>
      </input_file>
      <input_file id="fl-c9">
         <path>/Applications/ti/ccs1280/ccs/tools/compiler/ti-cgt-arm_20.2.7.LTS/lib/</path>
         <kind>archive</kind>
         <file>rtsv7M4_T_le_v4SPD16_eabi.lib</file>
         <name>fd_mul_t2.asm.obj</name>
      </input_file>
      <input_file id="fl-ca">
         <path>/Applications/ti/ccs1280/ccs/tools/compiler/ti-cgt-arm_20.2.7.LTS/lib/</path>
         <kind>archive</kind>
         <file>rtsv7M4_T_le_v4SPD16_eabi.lib</file>
         <name>fd_tos_t2.asm.obj</name>
      </input_file>
      <input_file id="fl-cb">
         <path>/Applications/ti/ccs1280/ccs/tools/compiler/ti-cgt-arm_20.2.7.LTS/lib/</path>
         <kind>archive</kind>
         <file>rtsv7M4_T_le_v4SPD16_eabi.lib</file>
         <name>fd_tou_t2.asm.obj</name>
      </input_file>
      <input_file id="fl-cc">
         <path>/Applications/ti/ccs1280/ccs/tools/compiler/ti-cgt-arm_20.2.7.LTS/lib/</path>
         <kind>archive</kind>
         <file>rtsv7M4_T_le_v4SPD16_eabi.lib</file>
         <name>fs_tod_t2.asm.obj</name>
      </input_file>
      <input_file id="fl-cd">
         <path>/Applications/ti/ccs1280/ccs/tools/compiler/ti-cgt-arm_20.2.7.LTS/lib/</path>
         <kind>archive</kind>
         <file>rtsv7M4_T_le_v4SPD16_eabi.lib</file>
         <name>i_tofd_t2.asm.obj</name>
      </input_file>
      <input_file id="fl-ce">
         <path>/Applications/ti/ccs1280/ccs/tools/compiler/ti-cgt-arm_20.2.7.LTS/lib/</path>
         <kind>archive</kind>
         <file>rtsv7M4_T_le_v4SPD16_eabi.lib</file>
         <name>memcpy_t2.asm.obj</name>
      </input_file>
      <input_file id="fl-cf">
         <path>/Applications/ti/ccs1280/ccs/tools/compiler/ti-cgt-arm_20.2.7.LTS/lib/</path>
         <kind>archive</kind>
         <file>rtsv7M4_T_le_v4SPD16_eabi.lib</file>
         <name>copy_zero_init.c.obj</name>
      </input_file>
      <input_file id="fl-d0">
         <path>/Applications/ti/ccs1280/ccs/tools/compiler/ti-cgt-arm_20.2.7.LTS/lib/</path>
         <kind>archive</kind>
         <file>rtsv7M4_T_le_v4SPD16_eabi.lib</file>
         <name>copy_decompress_none.c.obj</name>
      </input_file>
      <input_file id="fl-d1">
         <path>/Applications/ti/ccs1280/ccs/tools/compiler/ti-cgt-arm_20.2.7.LTS/lib/</path>
         <kind>archive</kind>
         <file>rtsv7M4_T_le_v4SPD16_eabi.lib</file>
         <name>copy_decompress_lzss.c.obj</name>
      </input_file>
      <input_file id="fl-d2">
         <path>/Applications/ti/ccs1280/ccs/tools/compiler/ti-cgt-arm_20.2.7.LTS/lib/</path>
         <kind>archive</kind>
         <file>rtsv7M4_T_le_v4SPD16_eabi.lib</file>
         <name>atoi.c.obj</name>
      </input_file>
      <input_file id="fl-d3">
         <path>/Applications/ti/ccs1280/ccs/tools/compiler/ti-cgt-arm_20.2.7.LTS/lib/</path>
         <kind>archive</kind>
         <file>rtsv7M4_T_le_v4SPD16_eabi.lib</file>
         <name>ctype.c.obj</name>
      </input_file>
      <input_file id="fl-d4">
         <path>/Applications/ti/ccs1280/ccs/tools/compiler/ti-cgt-arm_20.2.7.LTS/lib/</path>
         <kind>archive</kind>
         <file>rtsv7M4_T_le_v4SPD16_eabi.lib</file>
         <name>strcmp.c.obj</name>
      </input_file>
      <input_file id="fl-d5">
         <path>/Applications/ti/ccs1280/ccs/tools/compiler/ti-cgt-arm_20.2.7.LTS/lib/</path>
         <kind>archive</kind>
         <file>rtsv7M4_T_le_v4SPD16_eabi.lib</file>
         <name>boot_cortex_m.c.obj</name>
      </input_file>
      <input_file id="fl-d6">
         <path>/Applications/ti/ccs1280/ccs/tools/compiler/ti-cgt-arm_20.2.7.LTS/lib/</path>
         <kind>archive</kind>
         <file>rtsv7M4_T_le_v4SPD16_eabi.lib</file>
         <name>_printfi.c.obj</name>
      </input_file>
      <input_file id="fl-d7">
         <path>/Applications/ti/ccs1280/ccs/tools/compiler/ti-cgt-arm_20.2.7.LTS/lib/</path>
         <kind>archive</kind>
         <file>rtsv7M4_T_le_v4SPD16_eabi.lib</file>
         <name>fd_toi_t2.asm.obj</name>
      </input_file>
      <input_file id="fl-d8">
         <path>/Applications/ti/ccs1280/ccs/tools/compiler/ti-cgt-arm_20.2.7.LTS/lib/</path>
         <kind>archive</kind>
         <file>rtsv7M4_T_le_v4SPD16_eabi.lib</file>
         <name>memset_t2.asm.obj</name>
      </input_file>
      <input_file id="fl-d9">
         <path>/Applications/ti/ccs1280/ccs/tools/compiler/ti-cgt-arm_20.2.7.LTS/lib/</path>
         <kind>archive</kind>
         <file>rtsv7M4_T_le_v4SPD16_eabi.lib</file>
         <name>ull_div_t2.asm.obj</name>
      </input_file>
      <input_file id="fl-da">
         <path>/Applications/ti/ccs1280/ccs/tools/compiler/ti-cgt-arm_20.2.7.LTS/lib/</path>
         <kind>archive</kind>
         <file>rtsv7M4_T_le_v4SPD16_eabi.lib</file>
         <name>autoinit.c.obj</name>
      </input_file>
      <input_file id="fl-db">
         <path>/Applications/ti/ccs1280/ccs/tools/compiler/ti-cgt-arm_20.2.7.LTS/lib/</path>
         <kind>archive</kind>
         <file>rtsv7M4_T_le_v4SPD16_eabi.lib</file>
         <name>pre_init.c.obj</name>
      </input_file>
      <input_file id="fl-dc">
         <path>/Applications/ti/ccs1280/ccs/tools/compiler/ti-cgt-arm_20.2.7.LTS/lib/</path>
         <kind>archive</kind>
         <file>rtsv7M4_T_le_v4SPD16_eabi.lib</file>
         <name>cpy_tbl.c.obj</name>
      </input_file>
      <input_file id="fl-dd">
         <path>/Applications/ti/ccs1280/ccs/tools/compiler/ti-cgt-arm_20.2.7.LTS/lib/</path>
         <kind>archive</kind>
         <file>rtsv7M4_T_le_v4SPD16_eabi.lib</file>
         <name>exit.c.obj</name>
      </input_file>
      <input_file id="fl-de">
         <path>/Applications/ti/ccs1280/ccs/tools/compiler/ti-cgt-arm_20.2.7.LTS/lib/</path>
         <kind>archive</kind>
         <file>rtsv7M4_T_le_v4SPD16_eabi.lib</file>
         <name>_lock.c.obj</name>
      </input_file>
      <input_file id="fl-df">
         <path>/Applications/ti/ccs1280/ccs/tools/compiler/ti-cgt-arm_20.2.7.LTS/lib/</path>
         <kind>archive</kind>
         <file>rtsv7M4_T_le_v4SPD16_eabi.lib</file>
         <name>_ltoa.c.obj</name>
      </input_file>
      <input_file id="fl-e0">
         <path>/Applications/ti/ccs1280/ccs/tools/compiler/ti-cgt-arm_20.2.7.LTS/lib/</path>
         <kind>archive</kind>
         <file>rtsv7M4_T_le_v4SPD16_eabi.lib</file>
         <name>args_main.c.obj</name>
      </input_file>
      <input_file id="fl-e1">
         <path>/Applications/ti/ccs1280/ccs/tools/compiler/ti-cgt-arm_20.2.7.LTS/lib/</path>
         <kind>archive</kind>
         <file>rtsv7M4_T_le_v4SPD16_eabi.lib</file>
         <name>memccpy.c.obj</name>
      </input_file>
      <input_file id="fl-e2">
         <path>/Applications/ti/ccs1280/ccs/tools/compiler/ti-cgt-arm_20.2.7.LTS/lib/</path>
         <kind>archive</kind>
         <file>rtsv7M4_T_le_v4SPD16_eabi.lib</file>
         <name>strchr.c.obj</name>
      </input_file>
      <input_file id="fl-e3">
         <path>/Applications/ti/ccs1280/ccs/tools/compiler/ti-cgt-arm_20.2.7.LTS/lib/</path>
         <kind>archive</kind>
         <file>rtsv7M4_T_le_v4SPD16_eabi.lib</file>
         <name>strlen.c.obj</name>
      </input_file>
      <input_file id="fl-e4">
         <path>/Applications/ti/ccs1280/ccs/tools/compiler/ti-cgt-arm_20.2.7.LTS/lib/</path>
         <kind>archive</kind>
         <file>rtsv7M4_T_le_v4SPD16_eabi.lib</file>
         <name>errno.c.obj</name>
      </input_file>
      <input_file id="fl-e5">
         <path>/Applications/ti/ccs1280/ccs/tools/compiler/ti-cgt-arm_20.2.7.LTS/lib/</path>
         <kind>archive</kind>
         <file>rtsv7M4_T_le_v4SPD16_eabi.lib</file>
         <name>wcslen.c.obj</name>
      </input_file>
      <input_file id="fl-e6">
         <path>/Applications/ti/ccs1280/ccs/tools/compiler/ti-cgt-arm_20.2.7.LTS/lib/</path>
         <kind>archive</kind>
         <file>rtsv7M4_T_le_v4SPD16_eabi.lib</file>
         <name>s_frexp.c.obj</name>
      </input_file>
      <input_file id="fl-e7">
         <path>/Applications/ti/ccs1280/ccs/tools/compiler/ti-cgt-arm_20.2.7.LTS/lib/</path>
         <kind>archive</kind>
         <file>rtsv7M4_T_le_v4SPD16_eabi.lib</file>
         <name>s_scalbn.c.obj</name>
      </input_file>
      <input_file id="fl-e8">
         <path>/Applications/ti/ccs1280/ccs/tools/compiler/ti-cgt-arm_20.2.7.LTS/lib/</path>
         <kind>archive</kind>
         <file>rtsv7M4_T_le_v4SPD16_eabi.lib</file>
         <name>div0.asm.obj</name>
      </input_file>
      <input_file id="fl-e9">
         <path>/Applications/ti/ccs1280/ccs/tools/compiler/ti-cgt-arm_20.2.7.LTS/lib/</path>
         <kind>archive</kind>
         <file>rtsv7M4_T_le_v4SPD16_eabi.lib</file>
         <name>s_copysign.c.obj</name>
      </input_file>
   </input_file_list>
   <object_component_list>
      <object_component id="oc-12">
         <name>.intvecs</name>
         <load_address>0x0</load_address>
         <run_address>0x0</run_address>
         <size>0x26c</size>
         <input_file_ref idref="fl-7"/>
      </object_component>
      <object_component id="oc-123">
         <name>.text:__TI_printfi</name>
         <load_address>0x26c</load_address>
         <run_address>0x26c</run_address>
         <size>0xa4e</size>
         <input_file_ref idref="fl-d6"/>
      </object_component>
      <object_component id="oc-2d7">
         <name>.text</name>
         <load_address>0xcba</load_address>
         <run_address>0xcba</run_address>
         <size>0x2</size>
         <input_file_ref idref="fl-e8"/>
      </object_component>
      <object_component id="oc-2d">
         <name>.text</name>
         <load_address>0xcbc</load_address>
         <run_address>0xcbc</run_address>
         <size>0x9fc</size>
         <input_file_ref idref="fl-1"/>
      </object_component>
      <object_component id="oc-7a">
         <name>.text</name>
         <load_address>0x16b8</load_address>
         <run_address>0x16b8</run_address>
         <size>0x808</size>
         <input_file_ref idref="fl-3"/>
      </object_component>
      <object_component id="oc-80">
         <name>.text</name>
         <load_address>0x1ec0</load_address>
         <run_address>0x1ec0</run_address>
         <size>0x3c4</size>
         <input_file_ref idref="fl-4"/>
      </object_component>
      <object_component id="oc-8c">
         <name>.text</name>
         <load_address>0x2284</load_address>
         <run_address>0x2284</run_address>
         <size>0x388</size>
         <input_file_ref idref="fl-8"/>
      </object_component>
      <object_component id="oc-14c">
         <name>.text:atan</name>
         <load_address>0x260c</load_address>
         <run_address>0x260c</run_address>
         <size>0x2ec</size>
         <input_file_ref idref="fl-c4"/>
      </object_component>
      <object_component id="oc-1f7">
         <name>.text:_pconv_a</name>
         <load_address>0x28f8</load_address>
         <run_address>0x28f8</run_address>
         <size>0x270</size>
         <input_file_ref idref="fl-d6"/>
      </object_component>
      <object_component id="oc-9d">
         <name>.text:atan2</name>
         <load_address>0x2b68</load_address>
         <run_address>0x2b68</run_address>
         <size>0x1e4</size>
         <input_file_ref idref="fl-c3"/>
      </object_component>
      <object_component id="oc-1e5">
         <name>.text:_pconv_g</name>
         <load_address>0x2d4c</load_address>
         <run_address>0x2d4c</run_address>
         <size>0x1d0</size>
         <input_file_ref idref="fl-d6"/>
      </object_component>
      <object_component id="oc-147">
         <name>.text</name>
         <load_address>0x2f1c</load_address>
         <run_address>0x2f1c</run_address>
         <size>0x1b6</size>
         <input_file_ref idref="fl-c6"/>
      </object_component>
      <object_component id="oc-1f1">
         <name>.text:_pconv_e</name>
         <load_address>0x30d4</load_address>
         <run_address>0x30d4</run_address>
         <size>0x13c</size>
         <input_file_ref idref="fl-d6"/>
      </object_component>
      <object_component id="oc-152">
         <name>.text</name>
         <load_address>0x3210</load_address>
         <run_address>0x3210</run_address>
         <size>0x136</size>
         <input_file_ref idref="fl-c8"/>
      </object_component>
      <object_component id="oc-273">
         <name>.text:fcvt</name>
         <load_address>0x3348</load_address>
         <run_address>0x3348</run_address>
         <size>0x124</size>
         <input_file_ref idref="fl-d6"/>
      </object_component>
      <object_component id="oc-287">
         <name>.text:scalbn</name>
         <load_address>0x346c</load_address>
         <run_address>0x346c</run_address>
         <size>0x110</size>
         <input_file_ref idref="fl-e7"/>
      </object_component>
      <object_component id="oc-a3">
         <name>.text</name>
         <load_address>0x357c</load_address>
         <run_address>0x357c</run_address>
         <size>0xfc</size>
         <input_file_ref idref="fl-c9"/>
      </object_component>
      <object_component id="oc-1df">
         <name>.text:_ltostr</name>
         <load_address>0x3678</load_address>
         <run_address>0x3678</run_address>
         <size>0xb1</size>
         <input_file_ref idref="fl-d6"/>
      </object_component>
      <object_component id="oc-41">
         <name>.text</name>
         <load_address>0x372a</load_address>
         <run_address>0x372a</run_address>
         <size>0x9c</size>
         <input_file_ref idref="fl-ce"/>
      </object_component>
      <object_component id="oc-255">
         <name>.text</name>
         <load_address>0x37c6</load_address>
         <run_address>0x37c6</run_address>
         <size>0x96</size>
         <input_file_ref idref="fl-d9"/>
      </object_component>
      <object_component id="oc-be">
         <name>.text:__aeabi_cdcmple</name>
         <load_address>0x385c</load_address>
         <run_address>0x385c</run_address>
         <size>0x86</size>
         <input_file_ref idref="fl-c7"/>
      </object_component>
      <object_component id="oc-c3">
         <name>.text:__aeabi_cdrcmple</name>
         <load_address>0x38e2</load_address>
         <run_address>0x38e2</run_address>
         <size>0x86</size>
         <input_file_ref idref="fl-c7"/>
      </object_component>
      <object_component id="oc-f2">
         <name>.text</name>
         <load_address>0x3968</load_address>
         <run_address>0x3968</run_address>
         <size>0x7a</size>
         <input_file_ref idref="fl-d8"/>
      </object_component>
      <object_component id="oc-26c">
         <name>.text:_mcpy</name>
         <load_address>0x39e2</load_address>
         <run_address>0x39e2</run_address>
         <size>0x6e</size>
         <input_file_ref idref="fl-d6"/>
      </object_component>
      <object_component id="oc-a8">
         <name>.text</name>
         <load_address>0x3a50</load_address>
         <run_address>0x3a50</run_address>
         <size>0x6e</size>
         <input_file_ref idref="fl-ca"/>
      </object_component>
      <object_component id="oc-15">
         <name>.text:decompress:lzss:__TI_decompress_lzss</name>
         <load_address>0x3abe</load_address>
         <run_address>0x3abe</run_address>
         <size>0x68</size>
         <input_file_ref idref="fl-d1"/>
      </object_component>
      <object_component id="oc-281">
         <name>.text:frexp</name>
         <load_address>0x3b28</load_address>
         <run_address>0x3b28</run_address>
         <size>0x64</size>
         <input_file_ref idref="fl-e6"/>
      </object_component>
      <object_component id="oc-1eb">
         <name>.text:_pconv_f</name>
         <load_address>0x3b8c</load_address>
         <run_address>0x3b8c</run_address>
         <size>0x56</size>
         <input_file_ref idref="fl-d6"/>
      </object_component>
      <object_component id="oc-260">
         <name>.text:__TI_ltoa</name>
         <load_address>0x3be2</load_address>
         <run_address>0x3be2</run_address>
         <size>0x54</size>
         <input_file_ref idref="fl-df"/>
      </object_component>
      <object_component id="oc-266">
         <name>.text:_ecpy</name>
         <load_address>0x3c36</load_address>
         <run_address>0x3c36</run_address>
         <size>0x52</size>
         <input_file_ref idref="fl-d6"/>
      </object_component>
      <object_component id="oc-115">
         <name>.text:atoi</name>
         <load_address>0x3c88</load_address>
         <run_address>0x3c88</run_address>
         <size>0x4c</size>
         <input_file_ref idref="fl-d2"/>
      </object_component>
      <object_component id="oc-92">
         <name>.text:snprintf</name>
         <load_address>0x3cd4</load_address>
         <run_address>0x3cd4</run_address>
         <size>0x4c</size>
         <input_file_ref idref="fl-c5"/>
      </object_component>
      <object_component id="oc-25b">
         <name>.text</name>
         <load_address>0x3d20</load_address>
         <run_address>0x3d20</run_address>
         <size>0x48</size>
         <input_file_ref idref="fl-d7"/>
      </object_component>
      <object_component id="oc-19a">
         <name>.text:__TI_auto_init_nobinit_nopinit:__TI_auto_init_nobinit_nopinit</name>
         <load_address>0x3d68</load_address>
         <run_address>0x3d68</run_address>
         <size>0x44</size>
         <input_file_ref idref="fl-da"/>
      </object_component>
      <object_component id="oc-b9">
         <name>.text</name>
         <load_address>0x3dac</load_address>
         <run_address>0x3dac</run_address>
         <size>0x44</size>
         <input_file_ref idref="fl-cb"/>
      </object_component>
      <object_component id="oc-279">
         <name>.text:_fcpy</name>
         <load_address>0x3df0</load_address>
         <run_address>0x3df0</run_address>
         <size>0x3e</size>
         <input_file_ref idref="fl-d6"/>
      </object_component>
      <object_component id="oc-b4">
         <name>.text</name>
         <load_address>0x3e2e</load_address>
         <run_address>0x3e2e</run_address>
         <size>0x38</size>
         <input_file_ref idref="fl-cc"/>
      </object_component>
      <object_component id="oc-5f">
         <name>.text:_c_int00_noargs:_c_int00_noargs</name>
         <load_address>0x3e68</load_address>
         <run_address>0x3e68</run_address>
         <size>0x34</size>
         <input_file_ref idref="fl-d5"/>
      </object_component>
      <object_component id="oc-129">
         <name>.text:_outs</name>
         <load_address>0x3e9c</load_address>
         <run_address>0x3e9c</run_address>
         <size>0x30</size>
         <input_file_ref idref="fl-c5"/>
      </object_component>
      <object_component id="oc-98">
         <name>.text</name>
         <load_address>0x3ecc</load_address>
         <run_address>0x3ecc</run_address>
         <size>0x2e</size>
         <input_file_ref idref="fl-cd"/>
      </object_component>
      <object_component id="oc-86">
         <name>.text</name>
         <load_address>0x3efa</load_address>
         <run_address>0x3efa</run_address>
         <size>0x24</size>
         <input_file_ref idref="fl-9"/>
      </object_component>
      <object_component id="oc-4d">
         <name>.text:decompress:ZI:__TI_zero_init_nomemset:__TI_zero_init_nomemset</name>
         <load_address>0x3f1e</load_address>
         <run_address>0x3f1e</run_address>
         <size>0x1c</size>
         <input_file_ref idref="fl-cf"/>
      </object_component>
      <object_component id="oc-1fd">
         <name>.text:memccpy</name>
         <load_address>0x3f3a</load_address>
         <run_address>0x3f3a</run_address>
         <size>0x1c</size>
         <input_file_ref idref="fl-e1"/>
      </object_component>
      <object_component id="oc-2eb">
         <name>.text:copysign</name>
         <load_address>0x3f56</load_address>
         <run_address>0x3f56</run_address>
         <size>0x1a</size>
         <input_file_ref idref="fl-e9"/>
      </object_component>
      <object_component id="oc-12f">
         <name>.text:_outc</name>
         <load_address>0x3f70</load_address>
         <run_address>0x3f70</run_address>
         <size>0x18</size>
         <input_file_ref idref="fl-c5"/>
      </object_component>
      <object_component id="oc-11b">
         <name>.text:strcmp</name>
         <load_address>0x3f88</load_address>
         <run_address>0x3f88</run_address>
         <size>0x18</size>
         <input_file_ref idref="fl-d4"/>
      </object_component>
      <object_component id="oc-28d">
         <name>.text:strchr</name>
         <load_address>0x3fa0</load_address>
         <run_address>0x3fa0</run_address>
         <size>0x16</size>
         <input_file_ref idref="fl-e2"/>
      </object_component>
      <object_component id="oc-1d9">
         <name>.text:strlen</name>
         <load_address>0x3fb6</load_address>
         <run_address>0x3fb6</run_address>
         <size>0x14</size>
         <input_file_ref idref="fl-e3"/>
      </object_component>
      <object_component id="oc-203">
         <name>.text:wcslen</name>
         <load_address>0x3fca</load_address>
         <run_address>0x3fca</run_address>
         <size>0x12</size>
         <input_file_ref idref="fl-e5"/>
      </object_component>
      <object_component id="oc-74">
         <name>.text</name>
         <load_address>0x3fdc</load_address>
         <run_address>0x3fdc</run_address>
         <size>0x10</size>
         <input_file_ref idref="fl-2"/>
      </object_component>
      <object_component id="oc-1b">
         <name>.text:decompress:none:__TI_decompress_none</name>
         <load_address>0x3fec</load_address>
         <run_address>0x3fec</run_address>
         <size>0xe</size>
         <input_file_ref idref="fl-d0"/>
      </object_component>
      <object_component id="oc-27">
         <name>.text</name>
         <load_address>0x3ffa</load_address>
         <run_address>0x3ffa</run_address>
         <size>0xc</size>
         <input_file_ref idref="fl-7"/>
      </object_component>
      <object_component id="oc-209">
         <name>.text:__aeabi_errno_addr</name>
         <load_address>0x4008</load_address>
         <run_address>0x4008</run_address>
         <size>0x8</size>
         <input_file_ref idref="fl-e4"/>
      </object_component>
      <object_component id="oc-f8">
         <name>.text:_system_pre_init</name>
         <load_address>0x4010</load_address>
         <run_address>0x4010</run_address>
         <size>0x4</size>
         <input_file_ref idref="fl-db"/>
      </object_component>
      <object_component id="oc-18e">
         <name>.text:abort:abort</name>
         <load_address>0x4014</load_address>
         <run_address>0x4014</run_address>
         <size>0x4</size>
         <input_file_ref idref="fl-dd"/>
      </object_component>
      <object_component id="oc-1d0">
         <name>.const:.string:_ctypes_</name>
         <load_address>0x4018</load_address>
         <run_address>0x4018</run_address>
         <size>0x101</size>
         <input_file_ref idref="fl-d3"/>
      </object_component>
      <object_component id="oc-220">
         <name>.const:$O1$$</name>
         <load_address>0x4120</load_address>
         <run_address>0x4120</run_address>
         <size>0x98</size>
         <input_file_ref idref="fl-c4"/>
      </object_component>
      <object_component id="oc-c8">
         <name>.const</name>
         <load_address>0x41b8</load_address>
         <run_address>0x41b8</run_address>
         <size>0xc</size>
         <input_file_ref idref="fl-1"/>
      </object_component>
      <object_component id="oc-352">
         <name>.cinit..data.load</name>
         <load_address>0x41c8</load_address>
         <run_address>0x41c8</run_address>
         <size>0x26</size>
      </object_component>
      <object_component id="oc-350">
         <name>__TI_handler_table</name>
         <load_address>0x41f0</load_address>
         <run_address>0x41f0</run_address>
         <size>0xc</size>
      </object_component>
      <object_component id="oc-353">
         <name>.cinit..bss.load</name>
         <load_address>0x4200</load_address>
         <run_address>0x4200</run_address>
         <size>0x8</size>
      </object_component>
      <object_component id="oc-351">
         <name>__TI_cinit_table</name>
         <load_address>0x4208</load_address>
         <run_address>0x4208</run_address>
         <size>0x10</size>
      </object_component>
      <object_component id="oc-b0">
         <name>.data</name>
         <load_address>0x200010f4</load_address>
         <run_address>0x200010f4</run_address>
         <size>0x30</size>
         <input_file_ref idref="fl-1"/>
      </object_component>
      <object_component id="oc-29d">
         <name>.data</name>
         <load_address>0x20001124</load_address>
         <run_address>0x20001124</run_address>
         <size>0x4</size>
         <input_file_ref idref="fl-e4"/>
      </object_component>
      <object_component id="oc-b3">
         <name>.common:data</name>
         <uninitialized>true</uninitialized>
         <run_address>0x20001098</run_address>
         <size>0x5c</size>
      </object_component>
      <object_component id="oc-ad">
         <name>.common:buffer</name>
         <uninitialized>true</uninitialized>
         <run_address>0x20001000</run_address>
         <size>0x98</size>
      </object_component>
      <object_component id="oc-24">
         <name>.stack</name>
         <uninitialized>true</uninitialized>
         <run_address>0x20000000</run_address>
         <size>0x4</size>
         <input_file_ref idref="fl-d5"/>
      </object_component>
      <object_component id="oc-355">
         <name>.stack</name>
         <uninitialized>true</uninitialized>
         <run_address>0x20000000</run_address>
         <size>0x0</size>
      </object_component>
      <object_component id="oc-ae">
         <name>.debug_info</name>
         <load_address>0x0</load_address>
         <run_address>0x0</run_address>
         <size>0x89a</size>
         <input_file_ref idref="fl-1"/>
      </object_component>
      <object_component id="oc-b1">
         <name>.debug_info</name>
         <load_address>0x89a</load_address>
         <run_address>0x89a</run_address>
         <size>0x296</size>
         <input_file_ref idref="fl-1"/>
      </object_component>
      <object_component id="oc-c9">
         <name>.debug_info</name>
         <load_address>0xb30</load_address>
         <run_address>0xb30</run_address>
         <size>0x17c</size>
         <input_file_ref idref="fl-1"/>
      </object_component>
      <object_component id="oc-2e">
         <name>.debug_info</name>
         <load_address>0xcac</load_address>
         <run_address>0xcac</run_address>
         <size>0x149f</size>
         <input_file_ref idref="fl-1"/>
      </object_component>
      <object_component id="oc-d8">
         <name>.debug_info</name>
         <load_address>0x214b</load_address>
         <run_address>0x214b</run_address>
         <size>0x26b</size>
         <input_file_ref idref="fl-1"/>
      </object_component>
      <object_component id="oc-16c">
         <name>.debug_info</name>
         <load_address>0x23b6</load_address>
         <run_address>0x23b6</run_address>
         <size>0x110</size>
         <input_file_ref idref="fl-1"/>
      </object_component>
      <object_component id="oc-10c">
         <name>.debug_info</name>
         <load_address>0x24c6</load_address>
         <run_address>0x24c6</run_address>
         <size>0x88</size>
         <input_file_ref idref="fl-1"/>
      </object_component>
      <object_component id="oc-162">
         <name>.debug_info</name>
         <load_address>0x254e</load_address>
         <run_address>0x254e</run_address>
         <size>0x8a</size>
         <input_file_ref idref="fl-1"/>
      </object_component>
      <object_component id="oc-cc">
         <name>.debug_info</name>
         <load_address>0x25d8</load_address>
         <run_address>0x25d8</run_address>
         <size>0x8b</size>
         <input_file_ref idref="fl-1"/>
      </object_component>
      <object_component id="oc-179">
         <name>.debug_info</name>
         <load_address>0x2663</load_address>
         <run_address>0x2663</run_address>
         <size>0x2a4</size>
         <input_file_ref idref="fl-1"/>
      </object_component>
      <object_component id="oc-d1">
         <name>.debug_info</name>
         <load_address>0x2907</load_address>
         <run_address>0x2907</run_address>
         <size>0xbb</size>
         <input_file_ref idref="fl-1"/>
      </object_component>
      <object_component id="oc-141">
         <name>.debug_info</name>
         <load_address>0x29c2</load_address>
         <run_address>0x29c2</run_address>
         <size>0x2c</size>
         <input_file_ref idref="fl-1"/>
      </object_component>
      <object_component id="oc-167">
         <name>.debug_info</name>
         <load_address>0x29ee</load_address>
         <run_address>0x29ee</run_address>
         <size>0x35</size>
         <input_file_ref idref="fl-1"/>
      </object_component>
      <object_component id="oc-75">
         <name>.debug_info</name>
         <load_address>0x2a23</load_address>
         <run_address>0x2a23</run_address>
         <size>0x165</size>
         <input_file_ref idref="fl-2"/>
      </object_component>
      <object_component id="oc-3c">
         <name>.debug_info</name>
         <load_address>0x2b88</load_address>
         <run_address>0x2b88</run_address>
         <size>0x84</size>
         <input_file_ref idref="fl-2"/>
      </object_component>
      <object_component id="oc-111">
         <name>.debug_info</name>
         <load_address>0x2c0c</load_address>
         <run_address>0x2c0c</run_address>
         <size>0x2b2</size>
         <input_file_ref idref="fl-3"/>
      </object_component>
      <object_component id="oc-7c">
         <name>.debug_info</name>
         <load_address>0x2ebe</load_address>
         <run_address>0x2ebe</run_address>
         <size>0x1132</size>
         <input_file_ref idref="fl-3"/>
      </object_component>
      <object_component id="oc-113">
         <name>.debug_info</name>
         <load_address>0x3ff0</load_address>
         <run_address>0x3ff0</run_address>
         <size>0x3a8</size>
         <input_file_ref idref="fl-4"/>
      </object_component>
      <object_component id="oc-82">
         <name>.debug_info</name>
         <load_address>0x4398</load_address>
         <run_address>0x4398</run_address>
         <size>0x699</size>
         <input_file_ref idref="fl-4"/>
      </object_component>
      <object_component id="oc-35">
         <name>.debug_info</name>
         <load_address>0x4a31</load_address>
         <run_address>0x4a31</run_address>
         <size>0x31b</size>
         <input_file_ref idref="fl-7"/>
      </object_component>
      <object_component id="oc-13">
         <name>.debug_info</name>
         <load_address>0x4d4c</load_address>
         <run_address>0x4d4c</run_address>
         <size>0x138</size>
         <input_file_ref idref="fl-7"/>
      </object_component>
      <object_component id="oc-29">
         <name>.debug_info</name>
         <load_address>0x4e84</load_address>
         <run_address>0x4e84</run_address>
         <size>0x2b4</size>
         <input_file_ref idref="fl-7"/>
      </object_component>
      <object_component id="oc-122">
         <name>.debug_info</name>
         <load_address>0x5138</load_address>
         <run_address>0x5138</run_address>
         <size>0x362</size>
         <input_file_ref idref="fl-8"/>
      </object_component>
      <object_component id="oc-8d">
         <name>.debug_info</name>
         <load_address>0x549a</load_address>
         <run_address>0x549a</run_address>
         <size>0x7af</size>
         <input_file_ref idref="fl-8"/>
      </object_component>
      <object_component id="oc-87">
         <name>.debug_info</name>
         <load_address>0x5c49</load_address>
         <run_address>0x5c49</run_address>
         <size>0x16f</size>
         <input_file_ref idref="fl-9"/>
      </object_component>
      <object_component id="oc-158">
         <name>.debug_info</name>
         <load_address>0x5db8</load_address>
         <run_address>0x5db8</run_address>
         <size>0x2a9</size>
         <input_file_ref idref="fl-c3"/>
      </object_component>
      <object_component id="oc-a1">
         <name>.debug_info</name>
         <load_address>0x6061</load_address>
         <run_address>0x6061</run_address>
         <size>0x247</size>
         <input_file_ref idref="fl-c3"/>
      </object_component>
      <object_component id="oc-227">
         <name>.debug_info</name>
         <load_address>0x62a8</load_address>
         <run_address>0x62a8</run_address>
         <size>0x46</size>
         <input_file_ref idref="fl-c3"/>
      </object_component>
      <object_component id="oc-159">
         <name>.debug_info</name>
         <load_address>0x62ee</load_address>
         <run_address>0x62ee</run_address>
         <size>0x39</size>
         <input_file_ref idref="fl-c3"/>
      </object_component>
      <object_component id="oc-2b0">
         <name>.debug_info</name>
         <load_address>0x6327</load_address>
         <run_address>0x6327</run_address>
         <size>0x2f2</size>
         <input_file_ref idref="fl-c4"/>
      </object_component>
      <object_component id="oc-221">
         <name>.debug_info</name>
         <load_address>0x6619</load_address>
         <run_address>0x6619</run_address>
         <size>0x131</size>
         <input_file_ref idref="fl-c4"/>
      </object_component>
      <object_component id="oc-150">
         <name>.debug_info</name>
         <load_address>0x674a</load_address>
         <run_address>0x674a</run_address>
         <size>0x4ac</size>
         <input_file_ref idref="fl-c4"/>
      </object_component>
      <object_component id="oc-136">
         <name>.debug_info</name>
         <load_address>0x6bf6</load_address>
         <run_address>0x6bf6</run_address>
         <size>0x33a</size>
         <input_file_ref idref="fl-c5"/>
      </object_component>
      <object_component id="oc-96">
         <name>.debug_info</name>
         <load_address>0x6f30</load_address>
         <run_address>0x6f30</run_address>
         <size>0x1ee</size>
         <input_file_ref idref="fl-c5"/>
      </object_component>
      <object_component id="oc-12d">
         <name>.debug_info</name>
         <load_address>0x711e</load_address>
         <run_address>0x711e</run_address>
         <size>0x1c3</size>
         <input_file_ref idref="fl-c5"/>
      </object_component>
      <object_component id="oc-133">
         <name>.debug_info</name>
         <load_address>0x72e1</load_address>
         <run_address>0x72e1</run_address>
         <size>0x176</size>
         <input_file_ref idref="fl-c5"/>
      </object_component>
      <object_component id="oc-137">
         <name>.debug_info</name>
         <load_address>0x7457</load_address>
         <run_address>0x7457</run_address>
         <size>0x2c</size>
         <input_file_ref idref="fl-c5"/>
      </object_component>
      <object_component id="oc-13c">
         <name>.debug_info</name>
         <load_address>0x7483</load_address>
         <run_address>0x7483</run_address>
         <size>0x69</size>
         <input_file_ref idref="fl-c5"/>
      </object_component>
      <object_component id="oc-149">
         <name>.debug_info</name>
         <load_address>0x74ec</load_address>
         <run_address>0x74ec</run_address>
         <size>0x14c</size>
         <input_file_ref idref="fl-c6"/>
      </object_component>
      <object_component id="oc-bf">
         <name>.debug_info</name>
         <load_address>0x7638</load_address>
         <run_address>0x7638</run_address>
         <size>0x128</size>
         <input_file_ref idref="fl-c7"/>
      </object_component>
      <object_component id="oc-c5">
         <name>.debug_info</name>
         <load_address>0x7760</load_address>
         <run_address>0x7760</run_address>
         <size>0x12a</size>
         <input_file_ref idref="fl-c7"/>
      </object_component>
      <object_component id="oc-155">
         <name>.debug_info</name>
         <load_address>0x788a</load_address>
         <run_address>0x788a</run_address>
         <size>0x13a</size>
         <input_file_ref idref="fl-c8"/>
      </object_component>
      <object_component id="oc-a5">
         <name>.debug_info</name>
         <load_address>0x79c4</load_address>
         <run_address>0x79c4</run_address>
         <size>0x13a</size>
         <input_file_ref idref="fl-c9"/>
      </object_component>
      <object_component id="oc-a9">
         <name>.debug_info</name>
         <load_address>0x7afe</load_address>
         <run_address>0x7afe</run_address>
         <size>0x13e</size>
         <input_file_ref idref="fl-ca"/>
      </object_component>
      <object_component id="oc-ba">
         <name>.debug_info</name>
         <load_address>0x7c3c</load_address>
         <run_address>0x7c3c</run_address>
         <size>0x139</size>
         <input_file_ref idref="fl-cb"/>
      </object_component>
      <object_component id="oc-b6">
         <name>.debug_info</name>
         <load_address>0x7d75</load_address>
         <run_address>0x7d75</run_address>
         <size>0x12c</size>
         <input_file_ref idref="fl-cc"/>
      </object_component>
      <object_component id="oc-9b">
         <name>.debug_info</name>
         <load_address>0x7ea1</load_address>
         <run_address>0x7ea1</run_address>
         <size>0x12c</size>
         <input_file_ref idref="fl-cd"/>
      </object_component>
      <object_component id="oc-44">
         <name>.debug_info</name>
         <load_address>0x7fcd</load_address>
         <run_address>0x7fcd</run_address>
         <size>0x119</size>
         <input_file_ref idref="fl-ce"/>
      </object_component>
      <object_component id="oc-f1">
         <name>.debug_info</name>
         <load_address>0x80e6</load_address>
         <run_address>0x80e6</run_address>
         <size>0x2d4</size>
         <input_file_ref idref="fl-cf"/>
      </object_component>
      <object_component id="oc-4e">
         <name>.debug_info</name>
         <load_address>0x83ba</load_address>
         <run_address>0x83ba</run_address>
         <size>0x1d2</size>
         <input_file_ref idref="fl-cf"/>
      </object_component>
      <object_component id="oc-ec">
         <name>.debug_info</name>
         <load_address>0x858c</load_address>
         <run_address>0x858c</run_address>
         <size>0x46</size>
         <input_file_ref idref="fl-cf"/>
      </object_component>
      <object_component id="oc-185">
         <name>.debug_info</name>
         <load_address>0x85d2</load_address>
         <run_address>0x85d2</run_address>
         <size>0x2c</size>
         <input_file_ref idref="fl-cf"/>
      </object_component>
      <object_component id="oc-4c">
         <name>.debug_info</name>
         <load_address>0x85fe</load_address>
         <run_address>0x85fe</run_address>
         <size>0x2a8</size>
         <input_file_ref idref="fl-d0"/>
      </object_component>
      <object_component id="oc-1d">
         <name>.debug_info</name>
         <load_address>0x88a6</load_address>
         <run_address>0x88a6</run_address>
         <size>0x1ea</size>
         <input_file_ref idref="fl-d0"/>
      </object_component>
      <object_component id="oc-47">
         <name>.debug_info</name>
         <load_address>0x8a90</load_address>
         <run_address>0x8a90</run_address>
         <size>0x46</size>
         <input_file_ref idref="fl-d0"/>
      </object_component>
      <object_component id="oc-e4">
         <name>.debug_info</name>
         <load_address>0x8ad6</load_address>
         <run_address>0x8ad6</run_address>
         <size>0x2c</size>
         <input_file_ref idref="fl-d0"/>
      </object_component>
      <object_component id="oc-e2">
         <name>.debug_info</name>
         <load_address>0x8b02</load_address>
         <run_address>0x8b02</run_address>
         <size>0x29e</size>
         <input_file_ref idref="fl-d1"/>
      </object_component>
      <object_component id="oc-16">
         <name>.debug_info</name>
         <load_address>0x8da0</load_address>
         <run_address>0x8da0</run_address>
         <size>0x250</size>
         <input_file_ref idref="fl-d1"/>
      </object_component>
      <object_component id="oc-37">
         <name>.debug_info</name>
         <load_address>0x8ff0</load_address>
         <run_address>0x8ff0</run_address>
         <size>0x60</size>
         <input_file_ref idref="fl-d1"/>
      </object_component>
      <object_component id="oc-17e">
         <name>.debug_info</name>
         <load_address>0x9050</load_address>
         <run_address>0x9050</run_address>
         <size>0x46</size>
         <input_file_ref idref="fl-d1"/>
      </object_component>
      <object_component id="oc-dd">
         <name>.debug_info</name>
         <load_address>0x9096</load_address>
         <run_address>0x9096</run_address>
         <size>0x39</size>
         <input_file_ref idref="fl-d1"/>
      </object_component>
      <object_component id="oc-1d4">
         <name>.debug_info</name>
         <load_address>0x90cf</load_address>
         <run_address>0x90cf</run_address>
         <size>0x2b9</size>
         <input_file_ref idref="fl-d2"/>
      </object_component>
      <object_component id="oc-116">
         <name>.debug_info</name>
         <load_address>0x9388</load_address>
         <run_address>0x9388</run_address>
         <size>0x17c</size>
         <input_file_ref idref="fl-d2"/>
      </object_component>
      <object_component id="oc-24e">
         <name>.debug_info</name>
         <load_address>0x9504</load_address>
         <run_address>0x9504</run_address>
         <size>0xf9</size>
         <input_file_ref idref="fl-d3"/>
      </object_component>
      <object_component id="oc-1d1">
         <name>.debug_info</name>
         <load_address>0x95fd</load_address>
         <run_address>0x95fd</run_address>
         <size>0x105</size>
         <input_file_ref idref="fl-d3"/>
      </object_component>
      <object_component id="oc-1d6">
         <name>.debug_info</name>
         <load_address>0x9702</load_address>
         <run_address>0x9702</run_address>
         <size>0x28a</size>
         <input_file_ref idref="fl-d4"/>
      </object_component>
      <object_component id="oc-11f">
         <name>.debug_info</name>
         <load_address>0x998c</load_address>
         <run_address>0x998c</run_address>
         <size>0x273</size>
         <input_file_ref idref="fl-d4"/>
      </object_component>
      <object_component id="oc-25">
         <name>.debug_info</name>
         <load_address>0x9bff</load_address>
         <run_address>0x9bff</run_address>
         <size>0x10b</size>
         <input_file_ref idref="fl-d5"/>
      </object_component>
      <object_component id="oc-60">
         <name>.debug_info</name>
         <load_address>0x9d0a</load_address>
         <run_address>0x9d0a</run_address>
         <size>0x1a9</size>
         <input_file_ref idref="fl-d5"/>
      </object_component>
      <object_component id="oc-210">
         <name>.debug_info</name>
         <load_address>0x9eb3</load_address>
         <run_address>0x9eb3</run_address>
         <size>0x590</size>
         <input_file_ref idref="fl-d6"/>
      </object_component>
      <object_component id="oc-1e0">
         <name>.debug_info</name>
         <load_address>0xa443</load_address>
         <run_address>0xa443</run_address>
         <size>0x21e</size>
         <input_file_ref idref="fl-d6"/>
      </object_component>
      <object_component id="oc-267">
         <name>.debug_info</name>
         <load_address>0xa661</load_address>
         <run_address>0xa661</run_address>
         <size>0x1b3</size>
         <input_file_ref idref="fl-d6"/>
      </object_component>
      <object_component id="oc-26d">
         <name>.debug_info</name>
         <load_address>0xa814</load_address>
         <run_address>0xa814</run_address>
         <size>0x21b</size>
         <input_file_ref idref="fl-d6"/>
      </object_component>
      <object_component id="oc-1e6">
         <name>.debug_info</name>
         <load_address>0xaa2f</load_address>
         <run_address>0xaa2f</run_address>
         <size>0x3c0</size>
         <input_file_ref idref="fl-d6"/>
      </object_component>
      <object_component id="oc-274">
         <name>.debug_info</name>
         <load_address>0xadef</load_address>
         <run_address>0xadef</run_address>
         <size>0x30a</size>
         <input_file_ref idref="fl-d6"/>
      </object_component>
      <object_component id="oc-27a">
         <name>.debug_info</name>
         <load_address>0xb0f9</load_address>
         <run_address>0xb0f9</run_address>
         <size>0x215</size>
         <input_file_ref idref="fl-d6"/>
      </object_component>
      <object_component id="oc-1ec">
         <name>.debug_info</name>
         <load_address>0xb30e</load_address>
         <run_address>0xb30e</run_address>
         <size>0x215</size>
         <input_file_ref idref="fl-d6"/>
      </object_component>
      <object_component id="oc-1f2">
         <name>.debug_info</name>
         <load_address>0xb523</load_address>
         <run_address>0xb523</run_address>
         <size>0x304</size>
         <input_file_ref idref="fl-d6"/>
      </object_component>
      <object_component id="oc-1f8">
         <name>.debug_info</name>
         <load_address>0xb827</load_address>
         <run_address>0xb827</run_address>
         <size>0x4b5</size>
         <input_file_ref idref="fl-d6"/>
      </object_component>
      <object_component id="oc-124">
         <name>.debug_info</name>
         <load_address>0xbcdc</load_address>
         <run_address>0xbcdc</run_address>
         <size>0x5f4</size>
         <input_file_ref idref="fl-d6"/>
      </object_component>
      <object_component id="oc-211">
         <name>.debug_info</name>
         <load_address>0xc2d0</load_address>
         <run_address>0xc2d0</run_address>
         <size>0x86</size>
         <input_file_ref idref="fl-d6"/>
      </object_component>
      <object_component id="oc-2a4">
         <name>.debug_info</name>
         <load_address>0xc356</load_address>
         <run_address>0xc356</run_address>
         <size>0x39</size>
         <input_file_ref idref="fl-d6"/>
      </object_component>
      <object_component id="oc-302">
         <name>.debug_info</name>
         <load_address>0xc38f</load_address>
         <run_address>0xc38f</run_address>
         <size>0xb6</size>
         <input_file_ref idref="fl-d6"/>
      </object_component>
      <object_component id="oc-2a9">
         <name>.debug_info</name>
         <load_address>0xc445</load_address>
         <run_address>0xc445</run_address>
         <size>0x46</size>
         <input_file_ref idref="fl-d6"/>
      </object_component>
      <object_component id="oc-216">
         <name>.debug_info</name>
         <load_address>0xc48b</load_address>
         <run_address>0xc48b</run_address>
         <size>0x46</size>
         <input_file_ref idref="fl-d6"/>
      </object_component>
      <object_component id="oc-25c">
         <name>.debug_info</name>
         <load_address>0xc4d1</load_address>
         <run_address>0xc4d1</run_address>
         <size>0x12e</size>
         <input_file_ref idref="fl-d7"/>
      </object_component>
      <object_component id="oc-f3">
         <name>.debug_info</name>
         <load_address>0xc5ff</load_address>
         <run_address>0xc5ff</run_address>
         <size>0x147</size>
         <input_file_ref idref="fl-d8"/>
      </object_component>
      <object_component id="oc-256">
         <name>.debug_info</name>
         <load_address>0xc746</load_address>
         <run_address>0xc746</run_address>
         <size>0x134</size>
         <input_file_ref idref="fl-d9"/>
      </object_component>
      <object_component id="oc-237">
         <name>.debug_info</name>
         <load_address>0xc87a</load_address>
         <run_address>0xc87a</run_address>
         <size>0x4b3</size>
         <input_file_ref idref="fl-da"/>
      </object_component>
      <object_component id="oc-19b">
         <name>.debug_info</name>
         <load_address>0xcd2d</load_address>
         <run_address>0xcd2d</run_address>
         <size>0x1a6</size>
         <input_file_ref idref="fl-da"/>
      </object_component>
      <object_component id="oc-2c2">
         <name>.debug_info</name>
         <load_address>0xced3</load_address>
         <run_address>0xced3</run_address>
         <size>0x39</size>
         <input_file_ref idref="fl-da"/>
      </object_component>
      <object_component id="oc-30c">
         <name>.debug_info</name>
         <load_address>0xcf0c</load_address>
         <run_address>0xcf0c</run_address>
         <size>0x39</size>
         <input_file_ref idref="fl-da"/>
      </object_component>
      <object_component id="oc-2c7">
         <name>.debug_info</name>
         <load_address>0xcf45</load_address>
         <run_address>0xcf45</run_address>
         <size>0x39</size>
         <input_file_ref idref="fl-da"/>
      </object_component>
      <object_component id="oc-2cc">
         <name>.debug_info</name>
         <load_address>0xcf7e</load_address>
         <run_address>0xcf7e</run_address>
         <size>0xcd</size>
         <input_file_ref idref="fl-da"/>
      </object_component>
      <object_component id="oc-fc">
         <name>.debug_info</name>
         <load_address>0xd04b</load_address>
         <run_address>0xd04b</run_address>
         <size>0x153</size>
         <input_file_ref idref="fl-db"/>
      </object_component>
      <object_component id="oc-191">
         <name>.debug_info</name>
         <load_address>0xd19e</load_address>
         <run_address>0xd19e</run_address>
         <size>0x122</size>
         <input_file_ref idref="fl-dd"/>
      </object_component>
      <object_component id="oc-2df">
         <name>.debug_info</name>
         <load_address>0xd2c0</load_address>
         <run_address>0xd2c0</run_address>
         <size>0x29c</size>
         <input_file_ref idref="fl-df"/>
      </object_component>
      <object_component id="oc-261">
         <name>.debug_info</name>
         <load_address>0xd55c</load_address>
         <run_address>0xd55c</run_address>
         <size>0x1da</size>
         <input_file_ref idref="fl-df"/>
      </object_component>
      <object_component id="oc-295">
         <name>.debug_info</name>
         <load_address>0xd736</load_address>
         <run_address>0xd736</run_address>
         <size>0x2a7</size>
         <input_file_ref idref="fl-e1"/>
      </object_component>
      <object_component id="oc-1fe">
         <name>.debug_info</name>
         <load_address>0xd9dd</load_address>
         <run_address>0xd9dd</run_address>
         <size>0x1b8</size>
         <input_file_ref idref="fl-e1"/>
      </object_component>
      <object_component id="oc-2f4">
         <name>.debug_info</name>
         <load_address>0xdb95</load_address>
         <run_address>0xdb95</run_address>
         <size>0x29a</size>
         <input_file_ref idref="fl-e2"/>
      </object_component>
      <object_component id="oc-28f">
         <name>.debug_info</name>
         <load_address>0xde2f</load_address>
         <run_address>0xde2f</run_address>
         <size>0x262</size>
         <input_file_ref idref="fl-e2"/>
      </object_component>
      <object_component id="oc-254">
         <name>.debug_info</name>
         <load_address>0xe091</load_address>
         <run_address>0xe091</run_address>
         <size>0x28f</size>
         <input_file_ref idref="fl-e3"/>
      </object_component>
      <object_component id="oc-1da">
         <name>.debug_info</name>
         <load_address>0xe320</load_address>
         <run_address>0xe320</run_address>
         <size>0x245</size>
         <input_file_ref idref="fl-e3"/>
      </object_component>
      <object_component id="oc-2a1">
         <name>.debug_info</name>
         <load_address>0xe565</load_address>
         <run_address>0xe565</run_address>
         <size>0x289</size>
         <input_file_ref idref="fl-e4"/>
      </object_component>
      <object_component id="oc-29e">
         <name>.debug_info</name>
         <load_address>0xe7ee</load_address>
         <run_address>0xe7ee</run_address>
         <size>0x10e</size>
         <input_file_ref idref="fl-e4"/>
      </object_component>
      <object_component id="oc-20b">
         <name>.debug_info</name>
         <load_address>0xe8fc</load_address>
         <run_address>0xe8fc</run_address>
         <size>0x14e</size>
         <input_file_ref idref="fl-e4"/>
      </object_component>
      <object_component id="oc-29c">
         <name>.debug_info</name>
         <load_address>0xea4a</load_address>
         <run_address>0xea4a</run_address>
         <size>0x28f</size>
         <input_file_ref idref="fl-e5"/>
      </object_component>
      <object_component id="oc-204">
         <name>.debug_info</name>
         <load_address>0xecd9</load_address>
         <run_address>0xecd9</run_address>
         <size>0x15a</size>
         <input_file_ref idref="fl-e5"/>
      </object_component>
      <object_component id="oc-2f7">
         <name>.debug_info</name>
         <load_address>0xee33</load_address>
         <run_address>0xee33</run_address>
         <size>0x46</size>
         <input_file_ref idref="fl-e5"/>
      </object_component>
      <object_component id="oc-297">
         <name>.debug_info</name>
         <load_address>0xee79</load_address>
         <run_address>0xee79</run_address>
         <size>0x39</size>
         <input_file_ref idref="fl-e5"/>
      </object_component>
      <object_component id="oc-2e5">
         <name>.debug_info</name>
         <load_address>0xeeb2</load_address>
         <run_address>0xeeb2</run_address>
         <size>0x295</size>
         <input_file_ref idref="fl-e6"/>
      </object_component>
      <object_component id="oc-282">
         <name>.debug_info</name>
         <load_address>0xf147</load_address>
         <run_address>0xf147</run_address>
         <size>0x195</size>
         <input_file_ref idref="fl-e6"/>
      </object_component>
      <object_component id="oc-31d">
         <name>.debug_info</name>
         <load_address>0xf2dc</load_address>
         <run_address>0xf2dc</run_address>
         <size>0x39</size>
         <input_file_ref idref="fl-e6"/>
      </object_component>
      <object_component id="oc-2e6">
         <name>.debug_info</name>
         <load_address>0xf315</load_address>
         <run_address>0xf315</run_address>
         <size>0x2c</size>
         <input_file_ref idref="fl-e6"/>
      </object_component>
      <object_component id="oc-2f2">
         <name>.debug_info</name>
         <load_address>0xf341</load_address>
         <run_address>0xf341</run_address>
         <size>0x2f8</size>
         <input_file_ref idref="fl-e7"/>
      </object_component>
      <object_component id="oc-28b">
         <name>.debug_info</name>
         <load_address>0xf639</load_address>
         <run_address>0xf639</run_address>
         <size>0x225</size>
         <input_file_ref idref="fl-e7"/>
      </object_component>
      <object_component id="oc-2d8">
         <name>.debug_info</name>
         <load_address>0xf85e</load_address>
         <run_address>0xf85e</run_address>
         <size>0x115</size>
         <input_file_ref idref="fl-e8"/>
      </object_component>
      <object_component id="oc-2ee">
         <name>.debug_info</name>
         <load_address>0xf973</load_address>
         <run_address>0xf973</run_address>
         <size>0x161</size>
         <input_file_ref idref="fl-e9"/>
      </object_component>
      <object_component id="oc-356">
         <name>.debug_info</name>
         <load_address>0xfad4</load_address>
         <run_address>0xfad4</run_address>
         <size>0xeb</size>
      </object_component>
      <object_component id="oc-161">
         <name>.debug_line</name>
         <load_address>0x0</load_address>
         <run_address>0x0</run_address>
         <size>0x127</size>
         <input_file_ref idref="fl-1"/>
      </object_component>
      <object_component id="oc-172">
         <name>.debug_line</name>
         <load_address>0x127</load_address>
         <run_address>0x127</run_address>
         <size>0x3b</size>
         <input_file_ref idref="fl-1"/>
      </object_component>
      <object_component id="oc-178">
         <name>.debug_line</name>
         <load_address>0x162</load_address>
         <run_address>0x162</run_address>
         <size>0x3b</size>
         <input_file_ref idref="fl-1"/>
      </object_component>
      <object_component id="oc-31">
         <name>.debug_line</name>
         <load_address>0x19d</load_address>
         <run_address>0x19d</run_address>
         <size>0x345</size>
         <input_file_ref idref="fl-1"/>
      </object_component>
      <object_component id="oc-db">
         <name>.debug_line</name>
         <load_address>0x4e2</load_address>
         <run_address>0x4e2</run_address>
         <size>0x7a</size>
         <input_file_ref idref="fl-1"/>
      </object_component>
      <object_component id="oc-16f">
         <name>.debug_line</name>
         <load_address>0x55c</load_address>
         <run_address>0x55c</run_address>
         <size>0x76</size>
         <input_file_ref idref="fl-1"/>
      </object_component>
      <object_component id="oc-10f">
         <name>.debug_line</name>
         <load_address>0x5d2</load_address>
         <run_address>0x5d2</run_address>
         <size>0x2d</size>
         <input_file_ref idref="fl-1"/>
      </object_component>
      <object_component id="oc-165">
         <name>.debug_line</name>
         <load_address>0x5ff</load_address>
         <run_address>0x5ff</run_address>
         <size>0x2e</size>
         <input_file_ref idref="fl-1"/>
      </object_component>
      <object_component id="oc-cf">
         <name>.debug_line</name>
         <load_address>0x62d</load_address>
         <run_address>0x62d</run_address>
         <size>0x20</size>
         <input_file_ref idref="fl-1"/>
      </object_component>
      <object_component id="oc-17c">
         <name>.debug_line</name>
         <load_address>0x64d</load_address>
         <run_address>0x64d</run_address>
         <size>0x7e</size>
         <input_file_ref idref="fl-1"/>
      </object_component>
      <object_component id="oc-d4">
         <name>.debug_line</name>
         <load_address>0x6cb</load_address>
         <run_address>0x6cb</run_address>
         <size>0x7b</size>
         <input_file_ref idref="fl-1"/>
      </object_component>
      <object_component id="oc-144">
         <name>.debug_line</name>
         <load_address>0x746</load_address>
         <run_address>0x746</run_address>
         <size>0x76</size>
         <input_file_ref idref="fl-1"/>
      </object_component>
      <object_component id="oc-16a">
         <name>.debug_line</name>
         <load_address>0x7bc</load_address>
         <run_address>0x7bc</run_address>
         <size>0x7f</size>
         <input_file_ref idref="fl-1"/>
      </object_component>
      <object_component id="oc-78">
         <name>.debug_line</name>
         <load_address>0x83b</load_address>
         <run_address>0x83b</run_address>
         <size>0x43</size>
         <input_file_ref idref="fl-2"/>
      </object_component>
      <object_component id="oc-3f">
         <name>.debug_line</name>
         <load_address>0x87e</load_address>
         <run_address>0x87e</run_address>
         <size>0x20</size>
         <input_file_ref idref="fl-2"/>
      </object_component>
      <object_component id="oc-1cd">
         <name>.debug_line</name>
         <load_address>0x89e</load_address>
         <run_address>0x89e</run_address>
         <size>0x20</size>
         <input_file_ref idref="fl-3"/>
      </object_component>
      <object_component id="oc-7e">
         <name>.debug_line</name>
         <load_address>0x8be</load_address>
         <run_address>0x8be</run_address>
         <size>0x3d4</size>
         <input_file_ref idref="fl-3"/>
      </object_component>
      <object_component id="oc-1cf">
         <name>.debug_line</name>
         <load_address>0xc92</load_address>
         <run_address>0xc92</run_address>
         <size>0x2d</size>
         <input_file_ref idref="fl-4"/>
      </object_component>
      <object_component id="oc-84">
         <name>.debug_line</name>
         <load_address>0xcbf</load_address>
         <run_address>0xcbf</run_address>
         <size>0x1d0</size>
         <input_file_ref idref="fl-4"/>
      </object_component>
      <object_component id="oc-d7">
         <name>.debug_line</name>
         <load_address>0xe8f</load_address>
         <run_address>0xe8f</run_address>
         <size>0x41</size>
         <input_file_ref idref="fl-7"/>
      </object_component>
      <object_component id="oc-34">
         <name>.debug_line</name>
         <load_address>0xed0</load_address>
         <run_address>0xed0</run_address>
         <size>0x41</size>
         <input_file_ref idref="fl-7"/>
      </object_component>
      <object_component id="oc-2b">
         <name>.debug_line</name>
         <load_address>0xf11</load_address>
         <run_address>0xf11</run_address>
         <size>0xa1</size>
         <input_file_ref idref="fl-7"/>
      </object_component>
      <object_component id="oc-1d8">
         <name>.debug_line</name>
         <load_address>0xfb2</load_address>
         <run_address>0xfb2</run_address>
         <size>0xcc</size>
         <input_file_ref idref="fl-8"/>
      </object_component>
      <object_component id="oc-90">
         <name>.debug_line</name>
         <load_address>0x107e</load_address>
         <run_address>0x107e</run_address>
         <size>0x205</size>
         <input_file_ref idref="fl-8"/>
      </object_component>
      <object_component id="oc-8a">
         <name>.debug_line</name>
         <load_address>0x1283</load_address>
         <run_address>0x1283</run_address>
         <size>0x52</size>
         <input_file_ref idref="fl-9"/>
      </object_component>
      <object_component id="oc-226">
         <name>.debug_line</name>
         <load_address>0x12d5</load_address>
         <run_address>0x12d5</run_address>
         <size>0x2a</size>
         <input_file_ref idref="fl-c3"/>
      </object_component>
      <object_component id="oc-a0">
         <name>.debug_line</name>
         <load_address>0x12ff</load_address>
         <run_address>0x12ff</run_address>
         <size>0xe0</size>
         <input_file_ref idref="fl-c3"/>
      </object_component>
      <object_component id="oc-22a">
         <name>.debug_line</name>
         <load_address>0x13df</load_address>
         <run_address>0x13df</run_address>
         <size>0x9a</size>
         <input_file_ref idref="fl-c3"/>
      </object_component>
      <object_component id="oc-15c">
         <name>.debug_line</name>
         <load_address>0x1479</load_address>
         <run_address>0x1479</run_address>
         <size>0x97</size>
         <input_file_ref idref="fl-c3"/>
      </object_component>
      <object_component id="oc-308">
         <name>.debug_line</name>
         <load_address>0x1510</load_address>
         <run_address>0x1510</run_address>
         <size>0x20</size>
         <input_file_ref idref="fl-c4"/>
      </object_component>
      <object_component id="oc-2af">
         <name>.debug_line</name>
         <load_address>0x1530</load_address>
         <run_address>0x1530</run_address>
         <size>0x2c</size>
         <input_file_ref idref="fl-c4"/>
      </object_component>
      <object_component id="oc-14f">
         <name>.debug_line</name>
         <load_address>0x155c</load_address>
         <run_address>0x155c</run_address>
         <size>0xc8</size>
         <input_file_ref idref="fl-c4"/>
      </object_component>
      <object_component id="oc-21e">
         <name>.debug_line</name>
         <load_address>0x1624</load_address>
         <run_address>0x1624</run_address>
         <size>0x2e</size>
         <input_file_ref idref="fl-c5"/>
      </object_component>
      <object_component id="oc-95">
         <name>.debug_line</name>
         <load_address>0x1652</load_address>
         <run_address>0x1652</run_address>
         <size>0x5f</size>
         <input_file_ref idref="fl-c5"/>
      </object_component>
      <object_component id="oc-12c">
         <name>.debug_line</name>
         <load_address>0x16b1</load_address>
         <run_address>0x16b1</run_address>
         <size>0x58</size>
         <input_file_ref idref="fl-c5"/>
      </object_component>
      <object_component id="oc-132">
         <name>.debug_line</name>
         <load_address>0x1709</load_address>
         <run_address>0x1709</run_address>
         <size>0x46</size>
         <input_file_ref idref="fl-c5"/>
      </object_component>
      <object_component id="oc-13a">
         <name>.debug_line</name>
         <load_address>0x174f</load_address>
         <run_address>0x174f</run_address>
         <size>0x91</size>
         <input_file_ref idref="fl-c5"/>
      </object_component>
      <object_component id="oc-13f">
         <name>.debug_line</name>
         <load_address>0x17e0</load_address>
         <run_address>0x17e0</run_address>
         <size>0x2e</size>
         <input_file_ref idref="fl-c5"/>
      </object_component>
      <object_component id="oc-14b">
         <name>.debug_line</name>
         <load_address>0x180e</load_address>
         <run_address>0x180e</run_address>
         <size>0xd2</size>
         <input_file_ref idref="fl-c6"/>
      </object_component>
      <object_component id="oc-c2">
         <name>.debug_line</name>
         <load_address>0x18e0</load_address>
         <run_address>0x18e0</run_address>
         <size>0x77</size>
         <input_file_ref idref="fl-c7"/>
      </object_component>
      <object_component id="oc-c4">
         <name>.debug_line</name>
         <load_address>0x1957</load_address>
         <run_address>0x1957</run_address>
         <size>0x77</size>
         <input_file_ref idref="fl-c7"/>
      </object_component>
      <object_component id="oc-154">
         <name>.debug_line</name>
         <load_address>0x19ce</load_address>
         <run_address>0x19ce</run_address>
         <size>0xa8</size>
         <input_file_ref idref="fl-c8"/>
      </object_component>
      <object_component id="oc-a7">
         <name>.debug_line</name>
         <load_address>0x1a76</load_address>
         <run_address>0x1a76</run_address>
         <size>0x8e</size>
         <input_file_ref idref="fl-c9"/>
      </object_component>
      <object_component id="oc-ac">
         <name>.debug_line</name>
         <load_address>0x1b04</load_address>
         <run_address>0x1b04</run_address>
         <size>0x67</size>
         <input_file_ref idref="fl-ca"/>
      </object_component>
      <object_component id="oc-bd">
         <name>.debug_line</name>
         <load_address>0x1b6b</load_address>
         <run_address>0x1b6b</run_address>
         <size>0x59</size>
         <input_file_ref idref="fl-cb"/>
      </object_component>
      <object_component id="oc-b5">
         <name>.debug_line</name>
         <load_address>0x1bc4</load_address>
         <run_address>0x1bc4</run_address>
         <size>0x57</size>
         <input_file_ref idref="fl-cc"/>
      </object_component>
      <object_component id="oc-99">
         <name>.debug_line</name>
         <load_address>0x1c1b</load_address>
         <run_address>0x1c1b</run_address>
         <size>0x50</size>
         <input_file_ref idref="fl-cd"/>
      </object_component>
      <object_component id="oc-43">
         <name>.debug_line</name>
         <load_address>0x1c6b</load_address>
         <run_address>0x1c6b</run_address>
         <size>0x88</size>
         <input_file_ref idref="fl-ce"/>
      </object_component>
      <object_component id="oc-18b">
         <name>.debug_line</name>
         <load_address>0x1cf3</load_address>
         <run_address>0x1cf3</run_address>
         <size>0x92</size>
         <input_file_ref idref="fl-cf"/>
      </object_component>
      <object_component id="oc-51">
         <name>.debug_line</name>
         <load_address>0x1d85</load_address>
         <run_address>0x1d85</run_address>
         <size>0x4c</size>
         <input_file_ref idref="fl-cf"/>
      </object_component>
      <object_component id="oc-ef">
         <name>.debug_line</name>
         <load_address>0x1dd1</load_address>
         <run_address>0x1dd1</run_address>
         <size>0x34</size>
         <input_file_ref idref="fl-cf"/>
      </object_component>
      <object_component id="oc-188">
         <name>.debug_line</name>
         <load_address>0x1e05</load_address>
         <run_address>0x1e05</run_address>
         <size>0x92</size>
         <input_file_ref idref="fl-cf"/>
      </object_component>
      <object_component id="oc-ea">
         <name>.debug_line</name>
         <load_address>0x1e97</load_address>
         <run_address>0x1e97</run_address>
         <size>0x20</size>
         <input_file_ref idref="fl-d0"/>
      </object_component>
      <object_component id="oc-1f">
         <name>.debug_line</name>
         <load_address>0x1eb7</load_address>
         <run_address>0x1eb7</run_address>
         <size>0x55</size>
         <input_file_ref idref="fl-d0"/>
      </object_component>
      <object_component id="oc-4a">
         <name>.debug_line</name>
         <load_address>0x1f0c</load_address>
         <run_address>0x1f0c</run_address>
         <size>0x3a</size>
         <input_file_ref idref="fl-d0"/>
      </object_component>
      <object_component id="oc-e7">
         <name>.debug_line</name>
         <load_address>0x1f46</load_address>
         <run_address>0x1f46</run_address>
         <size>0x92</size>
         <input_file_ref idref="fl-d0"/>
      </object_component>
      <object_component id="oc-184">
         <name>.debug_line</name>
         <load_address>0x1fd8</load_address>
         <run_address>0x1fd8</run_address>
         <size>0x20</size>
         <input_file_ref idref="fl-d1"/>
      </object_component>
      <object_component id="oc-19">
         <name>.debug_line</name>
         <load_address>0x1ff8</load_address>
         <run_address>0x1ff8</run_address>
         <size>0xa9</size>
         <input_file_ref idref="fl-d1"/>
      </object_component>
      <object_component id="oc-3a">
         <name>.debug_line</name>
         <load_address>0x20a1</load_address>
         <run_address>0x20a1</run_address>
         <size>0x3a</size>
         <input_file_ref idref="fl-d1"/>
      </object_component>
      <object_component id="oc-181">
         <name>.debug_line</name>
         <load_address>0x20db</load_address>
         <run_address>0x20db</run_address>
         <size>0x9a</size>
         <input_file_ref idref="fl-d1"/>
      </object_component>
      <object_component id="oc-e0">
         <name>.debug_line</name>
         <load_address>0x2175</load_address>
         <run_address>0x2175</run_address>
         <size>0x96</size>
         <input_file_ref idref="fl-d1"/>
      </object_component>
      <object_component id="oc-250">
         <name>.debug_line</name>
         <load_address>0x220b</load_address>
         <run_address>0x220b</run_address>
         <size>0x91</size>
         <input_file_ref idref="fl-d2"/>
      </object_component>
      <object_component id="oc-119">
         <name>.debug_line</name>
         <load_address>0x229c</load_address>
         <run_address>0x229c</run_address>
         <size>0x62</size>
         <input_file_ref idref="fl-d2"/>
      </object_component>
      <object_component id="oc-2d4">
         <name>.debug_line</name>
         <load_address>0x22fe</load_address>
         <run_address>0x22fe</run_address>
         <size>0x20</size>
         <input_file_ref idref="fl-d3"/>
      </object_component>
      <object_component id="oc-24d">
         <name>.debug_line</name>
         <load_address>0x231e</load_address>
         <run_address>0x231e</run_address>
         <size>0x2b</size>
         <input_file_ref idref="fl-d3"/>
      </object_component>
      <object_component id="oc-252">
         <name>.debug_line</name>
         <load_address>0x2349</load_address>
         <run_address>0x2349</run_address>
         <size>0x20</size>
         <input_file_ref idref="fl-d4"/>
      </object_component>
      <object_component id="oc-11c">
         <name>.debug_line</name>
         <load_address>0x2369</load_address>
         <run_address>0x2369</run_address>
         <size>0xad</size>
         <input_file_ref idref="fl-d4"/>
      </object_component>
      <object_component id="oc-72">
         <name>.debug_line</name>
         <load_address>0x2416</load_address>
         <run_address>0x2416</run_address>
         <size>0x33</size>
         <input_file_ref idref="fl-d5"/>
      </object_component>
      <object_component id="oc-63">
         <name>.debug_line</name>
         <load_address>0x2449</load_address>
         <run_address>0x2449</run_address>
         <size>0x45</size>
         <input_file_ref idref="fl-d5"/>
      </object_component>
      <object_component id="oc-2a3">
         <name>.debug_line</name>
         <load_address>0x248e</load_address>
         <run_address>0x248e</run_address>
         <size>0x264</size>
         <input_file_ref idref="fl-d6"/>
      </object_component>
      <object_component id="oc-1e3">
         <name>.debug_line</name>
         <load_address>0x26f2</load_address>
         <run_address>0x26f2</run_address>
         <size>0x7a</size>
         <input_file_ref idref="fl-d6"/>
      </object_component>
      <object_component id="oc-26a">
         <name>.debug_line</name>
         <load_address>0x276c</load_address>
         <run_address>0x276c</run_address>
         <size>0x51</size>
         <input_file_ref idref="fl-d6"/>
      </object_component>
      <object_component id="oc-270">
         <name>.debug_line</name>
         <load_address>0x27bd</load_address>
         <run_address>0x27bd</run_address>
         <size>0x88</size>
         <input_file_ref idref="fl-d6"/>
      </object_component>
      <object_component id="oc-1e9">
         <name>.debug_line</name>
         <load_address>0x2845</load_address>
         <run_address>0x2845</run_address>
         <size>0x14b</size>
         <input_file_ref idref="fl-d6"/>
      </object_component>
      <object_component id="oc-277">
         <name>.debug_line</name>
         <load_address>0x2990</load_address>
         <run_address>0x2990</run_address>
         <size>0xec</size>
         <input_file_ref idref="fl-d6"/>
      </object_component>
      <object_component id="oc-27d">
         <name>.debug_line</name>
         <load_address>0x2a7c</load_address>
         <run_address>0x2a7c</run_address>
         <size>0x5d</size>
         <input_file_ref idref="fl-d6"/>
      </object_component>
      <object_component id="oc-1ef">
         <name>.debug_line</name>
         <load_address>0x2ad9</load_address>
         <run_address>0x2ad9</run_address>
         <size>0x5c</size>
         <input_file_ref idref="fl-d6"/>
      </object_component>
      <object_component id="oc-1f5">
         <name>.debug_line</name>
         <load_address>0x2b35</load_address>
         <run_address>0x2b35</run_address>
         <size>0xae</size>
         <input_file_ref idref="fl-d6"/>
      </object_component>
      <object_component id="oc-1fb">
         <name>.debug_line</name>
         <load_address>0x2be3</load_address>
         <run_address>0x2be3</run_address>
         <size>0x1ac</size>
         <input_file_ref idref="fl-d6"/>
      </object_component>
      <object_component id="oc-127">
         <name>.debug_line</name>
         <load_address>0x2d8f</load_address>
         <run_address>0x2d8f</run_address>
         <size>0x76f</size>
[...]
         <value>0x41c0</value>
         <object_component_ref idref="oc-c8"/>
      </symbol>
      <symbol id="sm-105">
         <name>writeICM</name>
         <value>0xdd9</value>
         <object_component_ref idref="oc-2d"/>
      </symbol>
      <symbol id="sm-106">
         <name>calibrateSensor</name>
         <value>0xebd</value>
         <object_component_ref idref="oc-2d"/>
      </symbol>
      <symbol id="sm-107">
         <name>alpha</name>
         <value>0x20001104</value>
         <object_component_ref idref="oc-b0"/>
      </symbol>
      <symbol id="sm-108">
         <name>printCounter</name>
         <value>0x20001120</value>
         <object_component_ref idref="oc-b0"/>
      </symbol>
      <symbol id="sm-109">
         <name>printInterval</name>
         <value>0x41b8</value>
         <object_component_ref idref="oc-c8"/>
      </symbol>
      <symbol id="sm-10a">
         <name>dt</name>
         <value>0x20001108</value>
         <object_component_ref idref="oc-b0"/>
      </symbol>
      <symbol id="sm-10b">
         <name>readWhoami</name>
         <value>0xff5</value>
         <object_component_ref idref="oc-2d"/>
      </symbol>
      <symbol id="sm-10c">
         <name>getMicroseconds</name>
         <value>0x120d</value>
         <object_component_ref idref="oc-2d"/>
      </symbol>
      <symbol id="sm-10d">
         <name>initICM20948</name>
         <value>0xe55</value>
         <object_component_ref idref="oc-2d"/>
      </symbol>
      <symbol id="sm-10e">
         <name>offset_ax</name>
         <value>0x200010f4</value>
         <object_component_ref idref="oc-b0"/>
      </symbol>
      <symbol id="sm-10f">
         <name>offset_az</name>
         <value>0x200010f6</value>
         <object_component_ref idref="oc-b0"/>
      </symbol>
      <symbol id="sm-110">
         <name>selectUserBank</name>
         <value>0xdbd</value>
         <object_component_ref idref="oc-2d"/>
      </symbol>
      <symbol id="sm-111">
         <name>compFilter</name>
         <value>0x114d</value>
         <object_component_ref idref="oc-2d"/>
      </symbol>
      <symbol id="sm-112">
         <name>readICM</name>
         <value>0xe05</value>
         <object_component_ref idref="oc-2d"/>
      </symbol>
      <symbol id="sm-113">
         <name>offset_gy</name>
         <value>0x200010f8</value>
         <object_component_ref idref="oc-b0"/>
      </symbol>
      <symbol id="sm-114">
         <name>readSensor</name>
         <value>0xe31</value>
         <object_component_ref idref="oc-2d"/>
      </symbol>
      <symbol id="sm-126">
         <name>initSystemClockTo40Mhz</name>
         <value>0x3fdd</value>
         <object_component_ref idref="oc-74"/>
      </symbol>
      <symbol id="sm-19c">
         <name>selectPinInterruptBothEdges</name>
         <value>0x1bfb</value>
         <object_component_ref idref="oc-7a"/>
      </symbol>
      <symbol id="sm-19d">
         <name>getPortValue</name>
         <value>0x1e31</value>
         <object_component_ref idref="oc-7a"/>
      </symbol>
      <symbol id="sm-19e">
         <name>selectPinAnalogInput</name>
         <value>0x18df</value>
         <object_component_ref idref="oc-7a"/>
      </symbol>
      <symbol id="sm-19f">
         <name>clearPinInterrupt</name>
         <value>0x1d0d</value>
         <object_component_ref idref="oc-7a"/>
      </symbol>
      <symbol id="sm-1a0">
         <name>selectPinPushPullOutput</name>
         <value>0x17f5</value>
         <object_component_ref idref="oc-7a"/>
      </symbol>
      <symbol id="sm-1a1">
         <name>selectPinInterruptHighLevel</name>
         <value>0x1c51</value>
         <object_component_ref idref="oc-7a"/>
      </symbol>
      <symbol id="sm-1a2">
         <name>selectPinInterruptFallingEdge</name>
         <value>0x1bab</value>
         <object_component_ref idref="oc-7a"/>
      </symbol>
      <symbol id="sm-1a3">
         <name>selectPinOpenDrainOutput</name>
         <value>0x1843</value>
         <object_component_ref idref="oc-7a"/>
      </symbol>
      <symbol id="sm-1a4">
         <name>selectPinInterruptLowLevel</name>
         <value>0x1c8b</value>
         <object_component_ref idref="oc-7a"/>
      </symbol>
      <symbol id="sm-1a5">
         <name>setPortValue</name>
         <value>0x1db9</value>
         <object_component_ref idref="oc-7a"/>
      </symbol>
      <symbol id="sm-1a6">
         <name>enablePinInterrupt</name>
         <value>0x1cc5</value>
         <object_component_ref idref="oc-7a"/>
      </symbol>
      <symbol id="sm-1a7">
         <name>setPinAuxFunction</name>
         <value>0x1a49</value>
         <object_component_ref idref="oc-7a"/>
      </symbol>
      <symbol id="sm-1a8">
         <name>enablePort</name>
         <value>0x16b9</value>
         <object_component_ref idref="oc-7a"/>
      </symbol>
      <symbol id="sm-1a9">
         <name>disablePinPulldown</name>
         <value>0x1a21</value>
         <object_component_ref idref="oc-7a"/>
      </symbol>
      <symbol id="sm-1aa">
         <name>setPinCommitControl</name>
         <value>0x192f</value>
         <object_component_ref idref="oc-7a"/>
      </symbol>
      <symbol id="sm-1ab">
         <name>disablePort</name>
         <value>0x1775</value>
         <object_component_ref idref="oc-7a"/>
      </symbol>
      <symbol id="sm-1ac">
         <name>disablePinInterrupt</name>
         <value>0x1ce9</value>
         <object_component_ref idref="oc-7a"/>
      </symbol>
      <symbol id="sm-1ad">
         <name>enablePinPullup</name>
         <value>0x19ab</value>
         <object_component_ref idref="oc-7a"/>
      </symbol>
      <symbol id="sm-1ae">
         <name>togglePinValue</name>
         <value>0x1d57</value>
         <object_component_ref idref="oc-7a"/>
      </symbol>
      <symbol id="sm-1af">
         <name>getPinValue</name>
         <value>0x1d7b</value>
         <object_component_ref idref="oc-7a"/>
      </symbol>
      <symbol id="sm-1b0">
         <name>enablePinPulldown</name>
         <value>0x19fd</value>
         <object_component_ref idref="oc-7a"/>
      </symbol>
      <symbol id="sm-1b1">
         <name>disablePinPullup</name>
         <value>0x19d9</value>
         <object_component_ref idref="oc-7a"/>
      </symbol>
      <symbol id="sm-1b2">
         <name>selectPinDigitalInput</name>
         <value>0x1891</value>
         <object_component_ref idref="oc-7a"/>
      </symbol>
      <symbol id="sm-1b3">
         <name>selectPinInterruptRisingEdge</name>
         <value>0x1b5b</value>
         <object_component_ref idref="oc-7a"/>
      </symbol>
      <symbol id="sm-1b4">
         <name>setPinValue</name>
         <value>0x1d31</value>
         <object_component_ref idref="oc-7a"/>
      </symbol>
      <symbol id="sm-1f0">
         <name>initI2c0</name>
         <value>0x1ec1</value>
         <object_component_ref idref="oc-80"/>
      </symbol>
      <symbol id="sm-1f1">
         <name>pollI2c0Address</name>
         <value>0x220b</value>
         <object_component_ref idref="oc-80"/>
      </symbol>
      <symbol id="sm-1f2">
         <name>writeI2c0Data</name>
         <value>0x1f1b</value>
         <object_component_ref idref="oc-80"/>
      </symbol>
      <symbol id="sm-1f3">
         <name>readI2c0Registers</name>
         <value>0x20f3</value>
         <object_component_ref idref="oc-80"/>
      </symbol>
      <symbol id="sm-1f4">
         <name>readI2c0Data</name>
         <value>0x1f51</value>
         <object_component_ref idref="oc-80"/>
      </symbol>
      <symbol id="sm-1f5">
         <name>writeI2c0Registers</name>
         <value>0x1fdb</value>
         <object_component_ref idref="oc-80"/>
      </symbol>
      <symbol id="sm-1f6">
         <name>readI2c0Register</name>
         <value>0x2095</value>
         <object_component_ref idref="oc-80"/>
      </symbol>
      <symbol id="sm-1f7">
         <name>writeI2c0Register</name>
         <value>0x1f85</value>
         <object_component_ref idref="oc-80"/>
      </symbol>
      <symbol id="sm-1f8">
         <name>isI2c0Error</name>
         <value>0x2259</value>
         <object_component_ref idref="oc-80"/>
      </symbol>
      <symbol id="sm-216">
         <name>ResetISR</name>
         <value>0x3ffb</value>
         <object_component_ref idref="oc-27"/>
      </symbol>
      <symbol id="sm-217">
         <name>g_pfnVectors</name>
         <value>0x0</value>
         <object_component_ref idref="oc-12"/>
      </symbol>
      <symbol id="sm-25a">
         <name>getcUart0</name>
         <value>0x237b</value>
         <object_component_ref idref="oc-8c"/>
      </symbol>
      <symbol id="sm-25b">
         <name>isCommand</name>
         <value>0x25d1</value>
         <object_component_ref idref="oc-8c"/>
      </symbol>
      <symbol id="sm-25c">
         <name>getFieldString</name>
         <value>0x2537</value>
         <object_component_ref idref="oc-8c"/>
      </symbol>
      <symbol id="sm-25d">
         <name>parseFields</name>
         <value>0x2427</value>
         <object_component_ref idref="oc-8c"/>
      </symbol>
      <symbol id="sm-25e">
         <name>kbhitUart0</name>
         <value>0x238f</value>
         <object_component_ref idref="oc-8c"/>
      </symbol>
      <symbol id="sm-25f">
         <name>getFieldInteger</name>
         <value>0x2567</value>
         <object_component_ref idref="oc-8c"/>
      </symbol>
      <symbol id="sm-260">
         <name>setUart0BaudRate</name>
         <value>0x22ef</value>
         <object_component_ref idref="oc-8c"/>
      </symbol>
      <symbol id="sm-261">
         <name>putsUart0</name>
         <value>0x234f</value>
         <object_component_ref idref="oc-8c"/>
      </symbol>
      <symbol id="sm-262">
         <name>initUart0</name>
         <value>0x2285</value>
         <object_component_ref idref="oc-8c"/>
      </symbol>
      <symbol id="sm-263">
         <name>putcUart0</name>
         <value>0x2333</value>
         <object_component_ref idref="oc-8c"/>
      </symbol>
      <symbol id="sm-264">
         <name>getsUart0</name>
         <value>0x23a9</value>
         <object_component_ref idref="oc-8c"/>
      </symbol>
      <symbol id="sm-272">
         <name>waitMicrosecond</name>
         <value>0x3efb</value>
         <object_component_ref idref="oc-86"/>
      </symbol>
      <symbol id="sm-2b6">
         <name>atan2</name>
         <value>0x2b69</value>
         <object_component_ref idref="oc-9d"/>
      </symbol>
      <symbol id="sm-2b7">
         <name>atan2l</name>
         <value>0x2b69</value>
         <object_component_ref idref="oc-9d"/>
      </symbol>
      <symbol id="sm-2ed">
         <name>atanl</name>
         <value>0x260d</value>
         <object_component_ref idref="oc-14c"/>
      </symbol>
      <symbol id="sm-2ee">
         <name>atan</name>
         <value>0x260d</value>
         <object_component_ref idref="oc-14c"/>
      </symbol>
      <symbol id="sm-31d">
         <name>snprintf</name>
         <value>0x3cd5</value>
         <object_component_ref idref="oc-92"/>
      </symbol>
      <symbol id="sm-334">
         <name>__aeabi_dsub</name>
         <value>0x2f1d</value>
         <object_component_ref idref="oc-147"/>
      </symbol>
      <symbol id="sm-335">
         <name>__aeabi_dadd</name>
         <value>0x2f27</value>
         <object_component_ref idref="oc-147"/>
      </symbol>
      <symbol id="sm-357">
         <name>__aeabi_cdcmpeq</name>
         <value>0x385d</value>
         <object_component_ref idref="oc-be"/>
      </symbol>
      <symbol id="sm-358">
         <name>__aeabi_cdcmple</name>
         <value>0x385d</value>
         <object_component_ref idref="oc-be"/>
      </symbol>
      <symbol id="sm-359">
         <name>__aeabi_cdrcmple</name>
         <value>0x38e3</value>
         <object_component_ref idref="oc-c3"/>
      </symbol>
      <symbol id="sm-36d">
         <name>__aeabi_ddiv</name>
         <value>0x3211</value>
         <object_component_ref idref="oc-152"/>
      </symbol>
      <symbol id="sm-378">
         <name>__aeabi_dmul</name>
         <value>0x357d</value>
         <object_component_ref idref="oc-a3"/>
      </symbol>
      <symbol id="sm-384">
         <name>__aeabi_d2f</name>
         <value>0x3a51</value>
         <object_component_ref idref="oc-a8"/>
      </symbol>
      <symbol id="sm-38e">
         <name>__aeabi_d2uiz</name>
         <value>0x3dad</value>
         <object_component_ref idref="oc-b9"/>
      </symbol>
      <symbol id="sm-399">
         <name>__aeabi_f2d</name>
         <value>0x3e2f</value>
         <object_component_ref idref="oc-b4"/>
      </symbol>
      <symbol id="sm-3a3">
         <name>__aeabi_i2d</name>
         <value>0x3ecd</value>
         <object_component_ref idref="oc-98"/>
      </symbol>
      <symbol id="sm-3be">
         <name>memcpy</name>
         <value>0x372b</value>
         <object_component_ref idref="oc-41"/>
      </symbol>
      <symbol id="sm-3bf">
         <name>__aeabi_memcpy</name>
         <value>0x372b</value>
         <object_component_ref idref="oc-41"/>
      </symbol>
      <symbol id="sm-3c0">
         <name>__aeabi_memcpy8</name>
         <value>0x372b</value>
         <object_component_ref idref="oc-41"/>
      </symbol>
      <symbol id="sm-3c1">
         <name>__aeabi_memcpy4</name>
         <value>0x372b</value>
         <object_component_ref idref="oc-41"/>
      </symbol>
      <symbol id="sm-3da">
         <name>__TI_zero_init_nomemset</name>
         <value>0x3f1f</value>
         <object_component_ref idref="oc-4d"/>
      </symbol>
      <symbol id="sm-3f1">
         <name>__TI_decompress_none</name>
         <value>0x3fed</value>
         <object_component_ref idref="oc-1b"/>
      </symbol>
      <symbol id="sm-414">
         <name>__TI_decompress_lzss</name>
         <value>0x3abf</value>
         <object_component_ref idref="oc-15"/>
      </symbol>
      <symbol id="sm-42a">
         <name>atoi</name>
         <value>0x3c89</value>
         <object_component_ref idref="oc-115"/>
      </symbol>
      <symbol id="sm-435">
         <name>_ctypes_</name>
         <value>0x4018</value>
         <object_component_ref idref="oc-1d0"/>
      </symbol>
      <symbol id="sm-444">
         <name>strcmp</name>
         <value>0x3f89</value>
         <object_component_ref idref="oc-11b"/>
      </symbol>
      <symbol id="sm-457">
         <name>__stack</name>
         <value>0x20000000</value>
         <object_component_ref idref="oc-24"/>
      </symbol>
      <symbol id="sm-458">
         <name>_c_int00_noargs</name>
         <value>0x3e69</value>
         <object_component_ref idref="oc-5f"/>
      </symbol>
      <symbol id="sm-5bd">
         <name>__TI_printfi</name>
         <value>0x26d</value>
         <object_component_ref idref="oc-123"/>
      </symbol>
      <symbol id="sm-5c7">
         <name>__aeabi_d2iz</name>
         <value>0x3d21</value>
         <object_component_ref idref="oc-25b"/>
      </symbol>
      <symbol id="sm-5d6">
         <name>__aeabi_memset</name>
         <value>0x396b</value>
         <object_component_ref idref="oc-f2"/>
      </symbol>
      <symbol id="sm-5d7">
         <name>memset</name>
         <value>0x3971</value>
         <object_component_ref idref="oc-f2"/>
      </symbol>
      <symbol id="sm-5d8">
         <name>__aeabi_memset8</name>
         <value>0x396b</value>
         <object_component_ref idref="oc-f2"/>
      </symbol>
      <symbol id="sm-5d9">
         <name>__aeabi_memset4</name>
         <value>0x396b</value>
         <object_component_ref idref="oc-f2"/>
      </symbol>
      <symbol id="sm-5da">
         <name>__aeabi_memclr8</name>
         <value>0x3969</value>
         <object_component_ref idref="oc-f2"/>
      </symbol>
      <symbol id="sm-5db">
         <name>__aeabi_memclr4</name>
         <value>0x3969</value>
         <object_component_ref idref="oc-f2"/>
      </symbol>
      <symbol id="sm-5dc">
         <name>__aeabi_memclr</name>
         <value>0x3969</value>
         <object_component_ref idref="oc-f2"/>
      </symbol>
      <symbol id="sm-5e9">
         <name>__aeabi_uldivmod</name>
         <value>0x37c7</value>
         <object_component_ref idref="oc-255"/>
      </symbol>
      <symbol id="sm-611">
         <name>__TI_auto_init_nobinit_nopinit</name>
         <value>0x3d69</value>
         <object_component_ref idref="oc-19a"/>
      </symbol>
      <symbol id="sm-61b">
         <name>_system_pre_init</name>
         <value>0x4011</value>
         <object_component_ref idref="oc-f8"/>
      </symbol>
      <symbol id="sm-627">
         <name>C$$EXIT</name>
         <value>0x4015</value>
         <object_component_ref idref="oc-18e"/>
      </symbol>
      <symbol id="sm-628">
         <name>abort</name>
         <value>0x4015</value>
         <object_component_ref idref="oc-18e"/>
      </symbol>
      <symbol id="sm-638">
         <name>__TI_ltoa</name>
         <value>0x3be3</value>
         <object_component_ref idref="oc-260"/>
      </symbol>
      <symbol id="sm-649">
         <name>memccpy</name>
         <value>0x3f3b</value>
         <object_component_ref idref="oc-1fd"/>
      </symbol>
      <symbol id="sm-659">
         <name>strchr</name>
         <value>0x3fa1</value>
         <object_component_ref idref="oc-28d"/>
      </symbol>
      <symbol id="sm-667">
         <name>strlen</name>
         <value>0x3fb7</value>
         <object_component_ref idref="oc-1d9"/>
      </symbol>
      <symbol id="sm-67d">
         <name>__aeabi_errno_addr</name>
         <value>0x4009</value>
         <object_component_ref idref="oc-209"/>
      </symbol>
      <symbol id="sm-67e">
         <name>errno</name>
         <value>0x20001124</value>
         <object_component_ref idref="oc-29d"/>
      </symbol>
      <symbol id="sm-697">
         <name>wcslen</name>
         <value>0x3fcb</value>
         <object_component_ref idref="oc-203"/>
      </symbol>
      <symbol id="sm-6b7">
         <name>frexpl</name>
         <value>0x3b29</value>
         <object_component_ref idref="oc-281"/>
      </symbol>
      <symbol id="sm-6b8">
         <name>frexp</name>
         <value>0x3b29</value>
         <object_component_ref idref="oc-281"/>
      </symbol>
      <symbol id="sm-6d5">
         <name>scalbn</name>
         <value>0x346d</value>
         <object_component_ref idref="oc-287"/>
      </symbol>
      <symbol id="sm-6d6">
         <name>scalbnl</name>
         <value>0x346d</value>
         <object_component_ref idref="oc-287"/>
      </symbol>
      <symbol id="sm-6d7">
         <name>ldexpl</name>
         <value>0x346d</value>
         <object_component_ref idref="oc-287"/>
      </symbol>
      <symbol id="sm-6d8">
         <name>ldexp</name>
         <value>0x346d</value>
         <object_component_ref idref="oc-287"/>
      </symbol>
      <symbol id="sm-6e2">
         <name>__aeabi_idiv0</name>
         <value>0xcbb</value>
         <object_component_ref idref="oc-2d7"/>
      </symbol>
      <symbol id="sm-6e3">
         <name>__aeabi_ldiv0</name>
         <value>0xcbb</value>
         <object_component_ref idref="oc-2d7"/>
      </symbol>
      <symbol id="sm-6ed">
         <name>copysign</name>
         <value>0x3f57</value>
         <object_component_ref idref="oc-2eb"/>
      </symbol>
      <symbol id="sm-6ee">
         <name>copysignl</name>
         <value>0x3f57</value>
         <object_component_ref idref="oc-2eb"/>
      </symbol>
      <symbol id="sm-6ef">
         <name>__TI_static_base__</name>
         <value>0x0</value>
      </symbol>
      <symbol id="sm-6f2">
         <name>__mpu_init</name>
         <value>0x0</value>
      </symbol>
      <symbol id="sm-6f3">
         <name>_system_post_cinit</name>
         <value>0x0</value>
      </symbol>
   </symbol_table>
   <title>Link successful</title>
</link_info>
